16:31:50 **** Build of project system_bsp_spi ****
make -k all 
libgen -hw ../system_hw_platform/system.xml\
	       \
	       -pe ps7_cortexa9_0 \
	       -log libgen.log \
	       system.mss
libgen
Xilinx EDK 14.7 Build EDK_P.20131013
Copyright (c) 1995-2012 Xilinx, Inc.  All rights reserved.

Command Line: libgen -hw ../system_hw_platform/system.xml -pe ps7_cortexa9_0
-log libgen.log system.mss 


Staging source files.
Running DRCs.
Running generate.
Running post_generate.
Running include - 'make -s include "COMPILER=arm-xilinx-eabi-gcc"
"ARCHIVER=arm-xilinx-eabi-ar" "COMPILER_FLAGS= -O2 -c"
"EXTRA_COMPILER_FLAGS=-g"'.

Running libs - 'make -s libs "COMPILER=arm-xilinx-eabi-gcc"
"ARCHIVER=arm-xilinx-eabi-ar" "COMPILER_FLAGS= -O2 -c"
"EXTRA_COMPILER_FLAGS=-g"'.
"Compiling common"
arm-xilinx-eabi-ar: creating ../../../lib/libxil.a
"Compiling standalone"
"Compiling spi"
"Compiling gpio"
"Compiling devcfg"
"Compiling dmaps"
"Compiling emacps"
"Compiling gpiops"
"Compiling qspips"
"Compiling scugic"
"Compiling scutimer"
"Compiling scuwdt"
"Compiling ttcps"
"Compiling uartps"
"Compiling usbps"
"Compiling xadcps"
"Compiling cpu_cortexa9"
Running execs_generate.
'Finished building libraries'
16:33:04 **** Build of configuration Debug for project TrackingWithSPI ****
make all 
'Building file: ../src/It_is_gonna_work_this_time_I_swear.c'
'Invoking: ARM gcc compiler'
arm-xilinx-eabi-gcc -Wall -O0 -g3 -c -fmessage-length=0 -I../../system_bsp/ps7_cortexa9_0/include -MMD -MP -MF"src/It_is_gonna_work_this_time_I_swear.d" -MT"src/It_is_gonna_work_this_time_I_swear.d" -o "src/It_is_gonna_work_this_time_I_swear.o" "../src/It_is_gonna_work_this_time_I_swear.c"
../src/It_is_gonna_work_this_time_I_swear.c:36:18: fatal error: xspi.h: No such file or directory
compilation terminated.
make: *** [src/It_is_gonna_work_this_time_I_swear.o] Error 1
16:33:06 **** Auto Build of configuration Debug for project TrackingWithSPI ****
make all 
'Building file: ../src/It_is_gonna_work_this_time_I_swear.c'
'Invoking: ARM gcc compiler'
arm-xilinx-eabi-gcc -Wall -O0 -g3 -c -fmessage-length=0 -I../../system_bsp/ps7_cortexa9_0/include -MMD -MP -MF"src/It_is_gonna_work_this_time_I_swear.d" -MT"src/It_is_gonna_work_this_time_I_swear.d" -o "src/It_is_gonna_work_this_time_I_swear.o" "../src/It_is_gonna_work_this_time_I_swear.c"
../src/It_is_gonna_work_this_time_I_swear.c:36:18: fatal error: xspi.h: No such file or directory
compilation terminated.
make: *** [src/It_is_gonna_work_this_time_I_swear.o] Error 1
16:40:06 **** Auto Build of configuration Debug for project TrackingWithSPI ****
make all 
'Building file: ../src/It_is_gonna_work_this_time_I_swear.c'
'Invoking: ARM gcc compiler'
arm-xilinx-eabi-gcc -Wall -O0 -g3 -c -fmessage-length=0 -I../../system_bsp/ps7_cortexa9_0/include -MMD -MP -MF"src/It_is_gonna_work_this_time_I_swear.d" -MT"src/It_is_gonna_work_this_time_I_swear.d" -o "src/It_is_gonna_work_this_time_I_swear.o" "../src/It_is_gonna_work_this_time_I_swear.c"
../src/It_is_gonna_work_this_time_I_swear.c:37:18: fatal error: xspi.h: No such file or directory
compilation terminated.
make: *** [src/It_is_gonna_work_this_time_I_swear.o] Error 1
16:53:28 **** Auto Build of configuration Debug for project TrackingWithSPI ****
make all 
'Building file: ../src/It_is_gonna_work_this_time_I_swear.c'
'Invoking: ARM gcc compiler'
arm-xilinx-eabi-gcc -Wall -O0 -g3 -c -fmessage-length=0 -I../../system_bsp/ps7_cortexa9_0/include -MMD -MP -MF"src/It_is_gonna_work_this_time_I_swear.d" -MT"src/It_is_gonna_work_this_time_I_swear.d" -o "src/It_is_gonna_work_this_time_I_swear.o" "../src/It_is_gonna_work_this_time_I_swear.c"
../src/It_is_gonna_work_this_time_I_swear.c:37:18: fatal error: xspi.h: No such file or directory
compilation terminated.
make: *** [src/It_is_gonna_work_this_time_I_swear.o] Error 1
16:54:24 **** Clean-only build of configuration Debug for project TrackingWithSPI ****
make clean 
rm -rf  ./src/It_is_gonna_work_this_time_I_swear.o ./src/platform.o  ./src/It_is_gonna_work_this_time_I_swear.d ./src/platform.d  TrackingWithSPI.elf.size  TrackingWithSPI.elf
' '
16:54:25 **** Auto Build of configuration Debug for project TrackingWithSPI ****
make all 
'Building file: ../src/It_is_gonna_work_this_time_I_swear.c'
'Invoking: ARM gcc compiler'
arm-xilinx-eabi-gcc -Wall -O0 -g3 -c -fmessage-length=0 -I../../system_bsp/ps7_cortexa9_0/include -MMD -MP -MF"src/It_is_gonna_work_this_time_I_swear.d" -MT"src/It_is_gonna_work_this_time_I_swear.d" -o "src/It_is_gonna_work_this_time_I_swear.o" "../src/It_is_gonna_work_this_time_I_swear.c"
../src/It_is_gonna_work_this_time_I_swear.c:37:18: fatal error: xspi.h: No such file or directory
compilation terminated.
make: *** [src/It_is_gonna_work_this_time_I_swear.o] Error 1
16:55:26 **** Clean-only build of configuration Debug for project TrackingWithSPI ****
make clean 
rm -rf  ./src/It_is_gonna_work_this_time_I_swear.o ./src/platform.o  ./src/It_is_gonna_work_this_time_I_swear.d ./src/platform.d  TrackingWithSPI.elf.size  TrackingWithSPI.elf
' '
16:55:27 **** Auto Build of configuration Debug for project TrackingWithSPI ****
make all 
'Building file: ../src/It_is_gonna_work_this_time_I_swear.c'
'Invoking: ARM gcc compiler'
arm-xilinx-eabi-gcc -Wall -O0 -g3 -c -fmessage-length=0 -I../../system_bsp/ps7_cortexa9_0/include -MMD -MP -MF"src/It_is_gonna_work_this_time_I_swear.d" -MT"src/It_is_gonna_work_this_time_I_swear.d" -o "src/It_is_gonna_work_this_time_I_swear.o" "../src/It_is_gonna_work_this_time_I_swear.c"
../src/It_is_gonna_work_this_time_I_swear.c:37:18: fatal error: xspi.h: No such file or directory
compilation terminated.
make: *** [src/It_is_gonna_work_this_time_I_swear.o] Error 1
16:55:37 **** Auto Build of configuration Debug for project TrackingWithSPI ****
make all 
'Building file: ../src/It_is_gonna_work_this_time_I_swear.c'
'Invoking: ARM gcc compiler'
arm-xilinx-eabi-gcc -Wall -O0 -g3 -c -fmessage-length=0 -I../../system_bsp/ps7_cortexa9_0/include -MMD -MP -MF"src/It_is_gonna_work_this_time_I_swear.d" -MT"src/It_is_gonna_work_this_time_I_swear.d" -o "src/It_is_gonna_work_this_time_I_swear.o" "../src/It_is_gonna_work_this_time_I_swear.c"
../src/It_is_gonna_work_this_time_I_swear.c:37:18: fatal error: xspi.h: No such file or directory
compilation terminated.
make: *** [src/It_is_gonna_work_this_time_I_swear.o] Error 1
16:56:10 **** Auto Build of configuration Debug for project TrackingWithSPI ****
make all 
'Building file: ../src/It_is_gonna_work_this_time_I_swear.c'
'Invoking: ARM gcc compiler'
arm-xilinx-eabi-gcc -Wall -O0 -g3 -c -fmessage-length=0 -I../../system_bsp/ps7_cortexa9_0/include -MMD -MP -MF"src/It_is_gonna_work_this_time_I_swear.d" -MT"src/It_is_gonna_work_this_time_I_swear.d" -o "src/It_is_gonna_work_this_time_I_swear.o" "../src/It_is_gonna_work_this_time_I_swear.c"
../src/It_is_gonna_work_this_time_I_swear.c:37:18: fatal error: xspi.h: No such file or directory
compilation terminated.
make: *** [src/It_is_gonna_work_this_time_I_swear.o] Error 1
16:56:49 **** Clean-only build of configuration Debug for project AudioTracking ****
make clean 
rm -rf  ./src/helloworld.o ./src/platform.o  ./src/helloworld.d ./src/platform.d  AudioTracking.elf.size  AudioTracking.elf
' '
16:56:50 **** Clean-only build of configuration Debug for project TrackingWithSPI ****
make clean 
rm -rf  ./src/It_is_gonna_work_this_time_I_swear.o ./src/platform.o  ./src/It_is_gonna_work_this_time_I_swear.d ./src/platform.d  TrackingWithSPI.elf.size  TrackingWithSPI.elf
' '
16:56:50 **** Clean-only build of project system_bsp ****
16:56:50 **** Clean-only build of project system_bsp_spi ****
make -k clean 
make -k clean 
rm -rf ps7_cortexa9_0
rm -rf ps7_cortexa9_0
16:57:15 **** Build of project system_bsp_spi ****
make -k all 
libgen -hw ../system_hw_platform/system.xml\
	       \
	       -pe ps7_cortexa9_0 \
	       -log libgen.log \
	       system.mss
libgen
Xilinx EDK 14.7 Build EDK_P.20131013
Copyright (c) 1995-2012 Xilinx, Inc.  All rights reserved.

Command Line: libgen -hw ../system_hw_platform/system.xml -pe ps7_cortexa9_0
-log libgen.log system.mss 


Staging source files.
Running DRCs.
Running generate.
Running post_generate.
Running include - 'make -s include "COMPILER=arm-xilinx-eabi-gcc"
"ARCHIVER=arm-xilinx-eabi-ar" "COMPILER_FLAGS= -O2 -c"
"EXTRA_COMPILER_FLAGS=-g"'.

Running libs - 'make -s libs "COMPILER=arm-xilinx-eabi-gcc"
"ARCHIVER=arm-xilinx-eabi-ar" "COMPILER_FLAGS= -O2 -c"
"EXTRA_COMPILER_FLAGS=-g"'.
"Compiling common"
arm-xilinx-eabi-ar: creating ../../../lib/libxil.a
"Compiling standalone"
"Compiling spi"
"Compiling gpio"
"Compiling devcfg"
"Compiling dmaps"
"Compiling emacps"
"Compiling gpiops"
"Compiling qspips"
"Compiling scugic"
"Compiling scutimer"
"Compiling scuwdt"
"Compiling ttcps"
"Compiling uartps"
"Compiling usbps"
"Compiling xadcps"
"Compiling cpu_cortexa9"
Running execs_generate.
'Finished building libraries'
16:58:25 **** Build of configuration Debug for project TrackingWithSPI ****
make all 
'Building file: ../src/It_is_gonna_work_this_time_I_swear.c'
'Invoking: ARM gcc compiler'
arm-xilinx-eabi-gcc -Wall -O0 -g3 -c -fmessage-length=0 -I../../system_bsp/ps7_cortexa9_0/include -MMD -MP -MF"src/It_is_gonna_work_this_time_I_swear.d" -MT"src/It_is_gonna_work_this_time_I_swear.d" -o "src/It_is_gonna_work_this_time_I_swear.o" "../src/It_is_gonna_work_this_time_I_swear.c"
../src/It_is_gonna_work_this_time_I_swear.c:36:25: fatal error: xparameters.h: No such file or directory
compilation terminated.
make: *** [src/It_is_gonna_work_this_time_I_swear.o] Error 1
16:58:26 **** Build of project system_bsp ****
make -k all 
libgen -hw ../system_hw_platform/system.xml\
	       \
	       -pe ps7_cortexa9_0 \
	       -log libgen.log \
	       system.mss
libgen
Xilinx EDK 14.7 Build EDK_P.20131013
Copyright (c) 1995-2012 Xilinx, Inc.  All rights reserved.

Command Line: libgen -hw ../system_hw_platform/system.xml -pe ps7_cortexa9_0
-log libgen.log system.mss 

ERROR:EDK:410 - generic -
   U:\Desktop\cpre488AudioTracking\sw\system_bsp\system.mss line 21 - No IP
   instance named axi_pmic_0 is present in the hardware!
ERROR:EDK:410 - generic -
   U:\Desktop\cpre488AudioTracking\sw\system_bsp\system.mss line 27 - No IP
   instance named axi_pmic_1 is present in the hardware!
ERROR:EDK:1206 - Errors occured while parsing MSS file.
make: *** [ps7_cortexa9_0/lib/libxil.a] Error 2
make: Target `all' not remade because of errors.
16:58:27 **** Build of configuration Debug for project AudioTracking ****
make all 
'Building file: ../src/helloworld.c'
'Invoking: ARM gcc compiler'
arm-xilinx-eabi-gcc -Wall -O0 -g3 -c -fmessage-length=0 -I../../system_bsp/ps7_cortexa9_0/include -MMD -MP -MF"src/helloworld.d" -MT"src/helloworld.d" -o "src/helloworld.o" "../src/helloworld.c"
../src/helloworld.c:36:24: fatal error: xil_printf.h: No such file or directory
compilation terminated.
make: *** [src/helloworld.o] Error 1
17:00:33 **** Clean-only build of configuration Debug for project TrackingWithSPI ****
make clean 
rm -rf  ./src/It_is_gonna_work_this_time_I_swear.o ./src/platform.o  ./src/It_is_gonna_work_this_time_I_swear.d ./src/platform.d  TrackingWithSPI.elf.size  TrackingWithSPI.elf
' '
17:00:33 **** Auto Build of configuration Debug for project TrackingWithSPI ****
make all 
'Building file: ../src/It_is_gonna_work_this_time_I_swear.c'
'Invoking: ARM gcc compiler'
arm-xilinx-eabi-gcc -Wall -O0 -g3 -c -fmessage-length=0 -I../../system_bsp_spi/ps7_cortexa9_0/include -MMD -MP -MF"src/It_is_gonna_work_this_time_I_swear.d" -MT"src/It_is_gonna_work_this_time_I_swear.d" -o "src/It_is_gonna_work_this_time_I_swear.o" "../src/It_is_gonna_work_this_time_I_swear.c"
../src/It_is_gonna_work_this_time_I_swear.c: In function 'spi_init':
../src/It_is_gonna_work_this_time_I_swear.c:54:2: error: expected ';' before 'Xil_Out32'
make: *** [src/It_is_gonna_work_this_time_I_swear.o] Error 1
17:00:40 **** Auto Build of configuration Debug for project AudioTracking ****
make all 
'Building file: ../src/helloworld.c'
'Invoking: ARM gcc compiler'
arm-xilinx-eabi-gcc -Wall -O0 -g3 -c -fmessage-length=0 -I../../system_bsp/ps7_cortexa9_0/include -MMD -MP -MF"src/helloworld.d" -MT"src/helloworld.d" -o "src/helloworld.o" "../src/helloworld.c"
../src/helloworld.c:36:24: fatal error: xil_printf.h: No such file or directory
compilation terminated.
make: *** [src/helloworld.o] Error 1
17:01:51 **** Auto Build of configuration Debug for project TrackingWithSPI ****
make all 
'Building file: ../src/It_is_gonna_work_this_time_I_swear.c'
'Invoking: ARM gcc compiler'
arm-xilinx-eabi-gcc -Wall -O0 -g3 -c -fmessage-length=0 -I../../system_bsp_spi/ps7_cortexa9_0/include -MMD -MP -MF"src/It_is_gonna_work_this_time_I_swear.d" -MT"src/It_is_gonna_work_this_time_I_swear.d" -o "src/It_is_gonna_work_this_time_I_swear.o" "../src/It_is_gonna_work_this_time_I_swear.c"
../src/It_is_gonna_work_this_time_I_swear.c: In function 'spi_init':
../src/It_is_gonna_work_this_time_I_swear.c:54:2: error: expected ';' before 'Xil_Out32'
make: *** [src/It_is_gonna_work_this_time_I_swear.o] Error 1
17:02:05 **** Auto Build of configuration Debug for project TrackingWithSPI ****
make all 
'Building file: ../src/It_is_gonna_work_this_time_I_swear.c'
'Invoking: ARM gcc compiler'
arm-xilinx-eabi-gcc -Wall -O0 -g3 -c -fmessage-length=0 -I../../system_bsp_spi/ps7_cortexa9_0/include -MMD -MP -MF"src/It_is_gonna_work_this_time_I_swear.d" -MT"src/It_is_gonna_work_this_time_I_swear.d" -o "src/It_is_gonna_work_this_time_I_swear.o" "../src/It_is_gonna_work_this_time_I_swear.c"
'Finished building: ../src/It_is_gonna_work_this_time_I_swear.c'
' '
'Building file: ../src/platform.c'
'Invoking: ARM gcc compiler'
arm-xilinx-eabi-gcc -Wall -O0 -g3 -c -fmessage-length=0 -I../../system_bsp_spi/ps7_cortexa9_0/include -MMD -MP -MF"src/platform.d" -MT"src/platform.d" -o "src/platform.o" "../src/platform.c"
'Finished building: ../src/platform.c'
' '
'Building target: TrackingWithSPI.elf'
'Invoking: ARM gcc linker'
arm-xilinx-eabi-gcc -Wl,-T -Wl,../src/lscript.ld -L../../system_bsp_spi/ps7_cortexa9_0/lib -o "TrackingWithSPI.elf"  ./src/It_is_gonna_work_this_time_I_swear.o ./src/platform.o   -Wl,--start-group,-lxil,-lgcc,-lc,--end-group
'Finished building target: TrackingWithSPI.elf'
' '
'Invoking: ARM Print Size'
arm-xilinx-eabi-size TrackingWithSPI.elf  |tee "TrackingWithSPI.elf.size"
   text	   data	    bss	    dec	    hex	filename
  26828	   1128	 398532	 426488	  681f8	TrackingWithSPI.elf
'Finished building: TrackingWithSPI.elf.size'
' '
17:04:40 **** Auto Build of configuration Debug for project TrackingWithSPI ****
make all 
'Building file: ../src/It_is_gonna_work_this_time_I_swear.c'
'Invoking: ARM gcc compiler'
arm-xilinx-eabi-gcc -Wall -O0 -g3 -c -fmessage-length=0 -I../../system_bsp_spi/ps7_cortexa9_0/include -MMD -MP -MF"src/It_is_gonna_work_this_time_I_swear.d" -MT"src/It_is_gonna_work_this_time_I_swear.d" -o "src/It_is_gonna_work_this_time_I_swear.o" "../src/It_is_gonna_work_this_time_I_swear.c"
'Finished building: ../src/It_is_gonna_work_this_time_I_swear.c'
' '
'Building target: TrackingWithSPI.elf'
'Invoking: ARM gcc linker'
arm-xilinx-eabi-gcc -Wl,-T -Wl,../src/lscript.ld -L../../system_bsp_spi/ps7_cortexa9_0/lib -o "TrackingWithSPI.elf"  ./src/It_is_gonna_work_this_time_I_swear.o ./src/platform.o   -Wl,--start-group,-lxil,-lgcc,-lc,--end-group
'Finished building target: TrackingWithSPI.elf'
' '
'Invoking: ARM Print Size'
arm-xilinx-eabi-size TrackingWithSPI.elf  |tee "TrackingWithSPI.elf.size"
   text	   data	    bss	    dec	    hex	filename
  66620	   2296	 398604	 467520	  72240	TrackingWithSPI.elf
'Finished building: TrackingWithSPI.elf.size'
' '
17:06:54 **** Incremental Build of configuration Debug for project TrackingWithSPI ****
make all 
make: Nothing to be done for `all'.
17:06:55 **** Incremental Build of configuration Debug for project AudioTracking ****
make all 
'Building file: ../src/helloworld.c'
'Invoking: ARM gcc compiler'
arm-xilinx-eabi-gcc -Wall -O0 -g3 -c -fmessage-length=0 -I../../system_bsp/ps7_cortexa9_0/include -MMD -MP -MF"src/helloworld.d" -MT"src/helloworld.d" -o "src/helloworld.o" "../src/helloworld.c"
../src/helloworld.c:36:24: fatal error: xil_printf.h: No such file or directory
compilation terminated.
make: *** [src/helloworld.o] Error 1
17:08:08 **** Incremental Build of configuration Debug for project TrackingWithSPI ****
make all 
make: Nothing to be done for `all'.
17:08:08 **** Incremental Build of configuration Debug for project AudioTracking ****
make all 
'Building file: ../src/helloworld.c'
'Invoking: ARM gcc compiler'
arm-xilinx-eabi-gcc -Wall -O0 -g3 -c -fmessage-length=0 -I../../system_bsp/ps7_cortexa9_0/include -MMD -MP -MF"src/helloworld.d" -MT"src/helloworld.d" -o "src/helloworld.o" "../src/helloworld.c"
../src/helloworld.c:36:24: fatal error: xil_printf.h: No such file or directory
compilation terminated.
make: *** [src/helloworld.o] Error 1
17:09:20 **** Auto Build of configuration Debug for project TrackingWithSPI ****
make all 
'Building file: ../src/It_is_gonna_work_this_time_I_swear.c'
'Invoking: ARM gcc compiler'
arm-xilinx-eabi-gcc -Wall -O0 -g3 -c -fmessage-length=0 -I../../system_bsp_spi/ps7_cortexa9_0/include -MMD -MP -MF"src/It_is_gonna_work_this_time_I_swear.d" -MT"src/It_is_gonna_work_this_time_I_swear.d" -o "src/It_is_gonna_work_this_time_I_swear.o" "../src/It_is_gonna_work_this_time_I_swear.c"
'Finished building: ../src/It_is_gonna_work_this_time_I_swear.c'
' '
'Building target: TrackingWithSPI.elf'
'Invoking: ARM gcc linker'
arm-xilinx-eabi-gcc -Wl,-T -Wl,../src/lscript.ld -L../../system_bsp_spi/ps7_cortexa9_0/lib -o "TrackingWithSPI.elf"  ./src/It_is_gonna_work_this_time_I_swear.o ./src/platform.o   -Wl,--start-group,-lxil,-lgcc,-lc,--end-group
'Finished building target: TrackingWithSPI.elf'
' '
'Invoking: ARM Print Size'
arm-xilinx-eabi-size TrackingWithSPI.elf  |tee "TrackingWithSPI.elf.size"
   text	   data	    bss	    dec	    hex	filename
  66628	   2296	 398604	 467528	  72248	TrackingWithSPI.elf
'Finished building: TrackingWithSPI.elf.size'
' '
17:09:24 **** Incremental Build of configuration Debug for project TrackingWithSPI ****
make all 
make: Nothing to be done for `all'.
17:09:24 **** Incremental Build of configuration Debug for project AudioTracking ****
make all 
'Building file: ../src/helloworld.c'
'Invoking: ARM gcc compiler'
arm-xilinx-eabi-gcc -Wall -O0 -g3 -c -fmessage-length=0 -I../../system_bsp/ps7_cortexa9_0/include -MMD -MP -MF"src/helloworld.d" -MT"src/helloworld.d" -o "src/helloworld.o" "../src/helloworld.c"
../src/helloworld.c:36:24: fatal error: xil_printf.h: No such file or directory
compilation terminated.
make: *** [src/helloworld.o] Error 1
17:21:21 **** Auto Build of configuration Debug for project TrackingWithSPI ****
make all 
'Building file: ../src/It_is_gonna_work_this_time_I_swear.c'
'Invoking: ARM gcc compiler'
arm-xilinx-eabi-gcc -Wall -O0 -g3 -c -fmessage-length=0 -I../../system_bsp_spi/ps7_cortexa9_0/include -MMD -MP -MF"src/It_is_gonna_work_this_time_I_swear.d" -MT"src/It_is_gonna_work_this_time_I_swear.d" -o "src/It_is_gonna_work_this_time_I_swear.o" "../src/It_is_gonna_work_this_time_I_swear.c"
../src/It_is_gonna_work_this_time_I_swear.c: In function 'spi_init':
../src/It_is_gonna_work_this_time_I_swear.c:60:4: warning: format '%ld' expects argument of type 'long int', but argument 2 has type 'XStatus' [-Wformat]
../src/It_is_gonna_work_this_time_I_swear.c:60:4: warning: format '%ld' expects argument of type 'long int', but argument 2 has type 'XStatus' [-Wformat]
'Finished building: ../src/It_is_gonna_work_this_time_I_swear.c'
' '
'Building target: TrackingWithSPI.elf'
'Invoking: ARM gcc linker'
arm-xilinx-eabi-gcc -Wl,-T -Wl,../src/lscript.ld -L../../system_bsp_spi/ps7_cortexa9_0/lib -o "TrackingWithSPI.elf"  ./src/It_is_gonna_work_this_time_I_swear.o ./src/platform.o   -Wl,--start-group,-lxil,-lgcc,-lc,--end-group
'Finished building target: TrackingWithSPI.elf'
' '
'Invoking: ARM Print Size'
arm-xilinx-eabi-size TrackingWithSPI.elf  |tee "TrackingWithSPI.elf.size"
   text	   data	    bss	    dec	    hex	filename
  67540	   2296	 398604	 468440	  725d8	TrackingWithSPI.elf
'Finished building: TrackingWithSPI.elf.size'
' '
17:21:23 **** Incremental Build of configuration Debug for project TrackingWithSPI ****
make all 
make: Nothing to be done for `all'.
17:21:24 **** Incremental Build of configuration Debug for project AudioTracking ****
make all 
'Building file: ../src/helloworld.c'
'Invoking: ARM gcc compiler'
arm-xilinx-eabi-gcc -Wall -O0 -g3 -c -fmessage-length=0 -I../../system_bsp/ps7_cortexa9_0/include -MMD -MP -MF"src/helloworld.d" -MT"src/helloworld.d" -o "src/helloworld.o" "../src/helloworld.c"
../src/helloworld.c:36:24: fatal error: xil_printf.h: No such file or directory
compilation terminated.
make: *** [src/helloworld.o] Error 1
17:22:15 **** Auto Build of configuration Debug for project TrackingWithSPI ****
make all 
'Building file: ../src/It_is_gonna_work_this_time_I_swear.c'
'Invoking: ARM gcc compiler'
arm-xilinx-eabi-gcc -Wall -O0 -g3 -c -fmessage-length=0 -I../../system_bsp_spi/ps7_cortexa9_0/include -MMD -MP -MF"src/It_is_gonna_work_this_time_I_swear.d" -MT"src/It_is_gonna_work_this_time_I_swear.d" -o "src/It_is_gonna_work_this_time_I_swear.o" "../src/It_is_gonna_work_this_time_I_swear.c"
../src/It_is_gonna_work_this_time_I_swear.c: In function 'spi_init':
../src/It_is_gonna_work_this_time_I_swear.c:60:3: warning: format '%ld' expects argument of type 'long int', but argument 2 has type 'XStatus' [-Wformat]
../src/It_is_gonna_work_this_time_I_swear.c:60:3: warning: format '%ld' expects argument of type 'long int', but argument 2 has type 'XStatus' [-Wformat]
'Finished building: ../src/It_is_gonna_work_this_time_I_swear.c'
' '
'Building target: TrackingWithSPI.elf'
'Invoking: ARM gcc linker'
arm-xilinx-eabi-gcc -Wl,-T -Wl,../src/lscript.ld -L../../system_bsp_spi/ps7_cortexa9_0/lib -o "TrackingWithSPI.elf"  ./src/It_is_gonna_work_this_time_I_swear.o ./src/platform.o   -Wl,--start-group,-lxil,-lgcc,-lc,--end-group
'Finished building target: TrackingWithSPI.elf'
' '
'Invoking: ARM Print Size'
arm-xilinx-eabi-size TrackingWithSPI.elf  |tee "TrackingWithSPI.elf.size"
   text	   data	    bss	    dec	    hex	filename
  67764	   2296	 398604	 468664	  726b8	TrackingWithSPI.elf
'Finished building: TrackingWithSPI.elf.size'
' '
17:22:16 **** Incremental Build of configuration Debug for project TrackingWithSPI ****
make all 
make: Nothing to be done for `all'.
17:22:17 **** Incremental Build of configuration Debug for project AudioTracking ****
make all 
'Building file: ../src/helloworld.c'
'Invoking: ARM gcc compiler'
arm-xilinx-eabi-gcc -Wall -O0 -g3 -c -fmessage-length=0 -I../../system_bsp/ps7_cortexa9_0/include -MMD -MP -MF"src/helloworld.d" -MT"src/helloworld.d" -o "src/helloworld.o" "../src/helloworld.c"
../src/helloworld.c:36:24: fatal error: xil_printf.h: No such file or directory
compilation terminated.
make: *** [src/helloworld.o] Error 1
17:27:36 **** Auto Build of configuration Debug for project TrackingWithSPI ****
make all 
'Building file: ../src/It_is_gonna_work_this_time_I_swear.c'
'Invoking: ARM gcc compiler'
arm-xilinx-eabi-gcc -Wall -O0 -g3 -c -fmessage-length=0 -I../../system_bsp_spi/ps7_cortexa9_0/include -MMD -MP -MF"src/It_is_gonna_work_this_time_I_swear.d" -MT"src/It_is_gonna_work_this_time_I_swear.d" -o "src/It_is_gonna_work_this_time_I_swear.o" "../src/It_is_gonna_work_this_time_I_swear.c"
../src/It_is_gonna_work_this_time_I_swear.c: In function 'print_spi_debug':
../src/It_is_gonna_work_this_time_I_swear.c:80:2: warning: statement with no effect [-Wunused-value]
../src/It_is_gonna_work_this_time_I_swear.c:81:1: error: expected ';' before '}' token
../src/It_is_gonna_work_this_time_I_swear.c: In function 'spi_init':
../src/It_is_gonna_work_this_time_I_swear.c:98:3: warning: format '%ld' expects argument of type 'long int', but argument 2 has type 'XStatus' [-Wformat]
../src/It_is_gonna_work_this_time_I_swear.c:98:3: warning: format '%ld' expects argument of type 'long int', but argument 2 has type 'XStatus' [-Wformat]
make: *** [src/It_is_gonna_work_this_time_I_swear.o] Error 1
17:29:13 **** Auto Build of configuration Debug for project TrackingWithSPI ****
make all 
'Building file: ../src/It_is_gonna_work_this_time_I_swear.c'
'Invoking: ARM gcc compiler'
arm-xilinx-eabi-gcc -Wall -O0 -g3 -c -fmessage-length=0 -I../../system_bsp_spi/ps7_cortexa9_0/include -MMD -MP -MF"src/It_is_gonna_work_this_time_I_swear.d" -MT"src/It_is_gonna_work_this_time_I_swear.d" -o "src/It_is_gonna_work_this_time_I_swear.o" "../src/It_is_gonna_work_this_time_I_swear.c"
../src/It_is_gonna_work_this_time_I_swear.c: In function 'spi_init':
../src/It_is_gonna_work_this_time_I_swear.c:101:3: warning: format '%ld' expects argument of type 'long int', but argument 2 has type 'XStatus' [-Wformat]
../src/It_is_gonna_work_this_time_I_swear.c:101:3: warning: format '%ld' expects argument of type 'long int', but argument 2 has type 'XStatus' [-Wformat]
'Finished building: ../src/It_is_gonna_work_this_time_I_swear.c'
' '
'Building target: TrackingWithSPI.elf'
'Invoking: ARM gcc linker'
arm-xilinx-eabi-gcc -Wl,-T -Wl,../src/lscript.ld -L../../system_bsp_spi/ps7_cortexa9_0/lib -o "TrackingWithSPI.elf"  ./src/It_is_gonna_work_this_time_I_swear.o ./src/platform.o   -Wl,--start-group,-lxil,-lgcc,-lc,--end-group
'Finished building target: TrackingWithSPI.elf'
' '
'Invoking: ARM Print Size'
arm-xilinx-eabi-size TrackingWithSPI.elf  |tee "TrackingWithSPI.elf.size"
   text	   data	    bss	    dec	    hex	filename
  68148	   2296	 398700	 469144	  72898	TrackingWithSPI.elf
'Finished building: TrackingWithSPI.elf.size'
' '
17:30:04 **** Auto Build of configuration Debug for project TrackingWithSPI ****
make all 
'Building file: ../src/It_is_gonna_work_this_time_I_swear.c'
'Invoking: ARM gcc compiler'
arm-xilinx-eabi-gcc -Wall -O0 -g3 -c -fmessage-length=0 -I../../system_bsp_spi/ps7_cortexa9_0/include -MMD -MP -MF"src/It_is_gonna_work_this_time_I_swear.d" -MT"src/It_is_gonna_work_this_time_I_swear.d" -o "src/It_is_gonna_work_this_time_I_swear.o" "../src/It_is_gonna_work_this_time_I_swear.c"
'Finished building: ../src/It_is_gonna_work_this_time_I_swear.c'
' '
'Building target: TrackingWithSPI.elf'
'Invoking: ARM gcc linker'
arm-xilinx-eabi-gcc -Wl,-T -Wl,../src/lscript.ld -L../../system_bsp_spi/ps7_cortexa9_0/lib -o "TrackingWithSPI.elf"  ./src/It_is_gonna_work_this_time_I_swear.o ./src/platform.o   -Wl,--start-group,-lxil,-lgcc,-lc,--end-group
'Finished building target: TrackingWithSPI.elf'
' '
'Invoking: ARM Print Size'
arm-xilinx-eabi-size TrackingWithSPI.elf  |tee "TrackingWithSPI.elf.size"
   text	   data	    bss	    dec	    hex	filename
  68148	   2296	 398700	 469144	  72898	TrackingWithSPI.elf
'Finished building: TrackingWithSPI.elf.size'
' '
17:37:05 **** Auto Build of configuration Debug for project TrackingWithSPI ****
make all 
'Building file: ../src/It_is_gonna_work_this_time_I_swear.c'
'Invoking: ARM gcc compiler'
arm-xilinx-eabi-gcc -Wall -O0 -g3 -c -fmessage-length=0 -I../../system_bsp_spi/ps7_cortexa9_0/include -MMD -MP -MF"src/It_is_gonna_work_this_time_I_swear.d" -MT"src/It_is_gonna_work_this_time_I_swear.d" -o "src/It_is_gonna_work_this_time_I_swear.o" "../src/It_is_gonna_work_this_time_I_swear.c"
../src/It_is_gonna_work_this_time_I_swear.c: In function 'print_spi_debug':
../src/It_is_gonna_work_this_time_I_swear.c:86:2: warning: format '%d' expects argument of type 'int', but argument 2 has type 'u8 *' [-Wformat]
../src/It_is_gonna_work_this_time_I_swear.c:86:2: warning: format '%d' expects argument of type 'int', but argument 2 has type 'u8 *' [-Wformat]
../src/It_is_gonna_work_this_time_I_swear.c:87:2: warning: format '%d' expects argument of type 'int', but argument 2 has type 'u8 *' [-Wformat]
../src/It_is_gonna_work_this_time_I_swear.c:87:2: warning: format '%d' expects argument of type 'int', but argument 2 has type 'u8 *' [-Wformat]
'Finished building: ../src/It_is_gonna_work_this_time_I_swear.c'
' '
'Building target: TrackingWithSPI.elf'
'Invoking: ARM gcc linker'
arm-xilinx-eabi-gcc -Wl,-T -Wl,../src/lscript.ld -L../../system_bsp_spi/ps7_cortexa9_0/lib -o "TrackingWithSPI.elf"  ./src/It_is_gonna_work_this_time_I_swear.o ./src/platform.o   -Wl,--start-group,-lxil,-lgcc,-lc,--end-group
'Finished building target: TrackingWithSPI.elf'
' '
'Invoking: ARM Print Size'
arm-xilinx-eabi-size TrackingWithSPI.elf  |tee "TrackingWithSPI.elf.size"
   text	   data	    bss	    dec	    hex	filename
  68928	   2296	 398700	 469924	  72ba4	TrackingWithSPI.elf
'Finished building: TrackingWithSPI.elf.size'
' '
17:37:36 **** Auto Build of configuration Debug for project TrackingWithSPI ****
make all 
'Building file: ../src/It_is_gonna_work_this_time_I_swear.c'
'Invoking: ARM gcc compiler'
arm-xilinx-eabi-gcc -Wall -O0 -g3 -c -fmessage-length=0 -I../../system_bsp_spi/ps7_cortexa9_0/include -MMD -MP -MF"src/It_is_gonna_work_this_time_I_swear.d" -MT"src/It_is_gonna_work_this_time_I_swear.d" -o "src/It_is_gonna_work_this_time_I_swear.o" "../src/It_is_gonna_work_this_time_I_swear.c"
../src/It_is_gonna_work_this_time_I_swear.c: In function 'print_spi_debug':
../src/It_is_gonna_work_this_time_I_swear.c:86:2: warning: format '%d' expects argument of type 'int', but argument 2 has type 'u8 *' [-Wformat]
../src/It_is_gonna_work_this_time_I_swear.c:86:2: warning: format '%d' expects argument of type 'int', but argument 2 has type 'u8 *' [-Wformat]
../src/It_is_gonna_work_this_time_I_swear.c:87:2: warning: format '%d' expects argument of type 'int', but argument 2 has type 'u8 *' [-Wformat]
../src/It_is_gonna_work_this_time_I_swear.c:87:2: warning: format '%d' expects argument of type 'int', but argument 2 has type 'u8 *' [-Wformat]
'Finished building: ../src/It_is_gonna_work_this_time_I_swear.c'
' '
'Building target: TrackingWithSPI.elf'
'Invoking: ARM gcc linker'
arm-xilinx-eabi-gcc -Wl,-T -Wl,../src/lscript.ld -L../../system_bsp_spi/ps7_cortexa9_0/lib -o "TrackingWithSPI.elf"  ./src/It_is_gonna_work_this_time_I_swear.o ./src/platform.o   -Wl,--start-group,-lxil,-lgcc,-lc,--end-group
'Finished building target: TrackingWithSPI.elf'
' '
'Invoking: ARM Print Size'
arm-xilinx-eabi-size TrackingWithSPI.elf  |tee "TrackingWithSPI.elf.size"
   text	   data	    bss	    dec	    hex	filename
  68824	   2296	 398700	 469820	  72b3c	TrackingWithSPI.elf
'Finished building: TrackingWithSPI.elf.size'
' '
17:38:01 **** Incremental Build of configuration Debug for project TrackingWithSPI ****
make all 
make: Nothing to be done for `all'.
17:38:02 **** Incremental Build of configuration Debug for project AudioTracking ****
make all 
'Building file: ../src/helloworld.c'
'Invoking: ARM gcc compiler'
arm-xilinx-eabi-gcc -Wall -O0 -g3 -c -fmessage-length=0 -I../../system_bsp/ps7_cortexa9_0/include -MMD -MP -MF"src/helloworld.d" -MT"src/helloworld.d" -o "src/helloworld.o" "../src/helloworld.c"
../src/helloworld.c:36:24: fatal error: xil_printf.h: No such file or directory
compilation terminated.
make: *** [src/helloworld.o] Error 1
17:38:28 **** Auto Build of configuration Debug for project TrackingWithSPI ****
make all 
'Building file: ../src/It_is_gonna_work_this_time_I_swear.c'
'Invoking: ARM gcc compiler'
arm-xilinx-eabi-gcc -Wall -O0 -g3 -c -fmessage-length=0 -I../../system_bsp_spi/ps7_cortexa9_0/include -MMD -MP -MF"src/It_is_gonna_work_this_time_I_swear.d" -MT"src/It_is_gonna_work_this_time_I_swear.d" -o "src/It_is_gonna_work_this_time_I_swear.o" "../src/It_is_gonna_work_this_time_I_swear.c"
../src/It_is_gonna_work_this_time_I_swear.c: In function 'print_spi_debug':
../src/It_is_gonna_work_this_time_I_swear.c:58:2: warning: format '%d' expects argument of type 'int', but argument 2 has type 'u8 *' [-Wformat]
../src/It_is_gonna_work_this_time_I_swear.c:58:2: warning: format '%d' expects argument of type 'int', but argument 2 has type 'u8 *' [-Wformat]
../src/It_is_gonna_work_this_time_I_swear.c:59:2: warning: format '%d' expects argument of type 'int', but argument 2 has type 'u8 *' [-Wformat]
../src/It_is_gonna_work_this_time_I_swear.c:59:2: warning: format '%d' expects argument of type 'int', but argument 2 has type 'u8 *' [-Wformat]
'Finished building: ../src/It_is_gonna_work_this_time_I_swear.c'
' '
'Building target: TrackingWithSPI.elf'
'Invoking: ARM gcc linker'
arm-xilinx-eabi-gcc -Wl,-T -Wl,../src/lscript.ld -L../../system_bsp_spi/ps7_cortexa9_0/lib -o "TrackingWithSPI.elf"  ./src/It_is_gonna_work_this_time_I_swear.o ./src/platform.o   -Wl,--start-group,-lxil,-lgcc,-lc,--end-group
'Finished building target: TrackingWithSPI.elf'
' '
'Invoking: ARM Print Size'
arm-xilinx-eabi-size TrackingWithSPI.elf  |tee "TrackingWithSPI.elf.size"
   text	   data	    bss	    dec	    hex	filename
  68824	   2296	 398604	 469724	  72adc	TrackingWithSPI.elf
'Finished building: TrackingWithSPI.elf.size'
' '
17:38:31 **** Incremental Build of configuration Debug for project TrackingWithSPI ****
make all 
make: Nothing to be done for `all'.
17:38:32 **** Incremental Build of configuration Debug for project AudioTracking ****
make all 
'Building file: ../src/helloworld.c'
'Invoking: ARM gcc compiler'
arm-xilinx-eabi-gcc -Wall -O0 -g3 -c -fmessage-length=0 -I../../system_bsp/ps7_cortexa9_0/include -MMD -MP -MF"src/helloworld.d" -MT"src/helloworld.d" -o "src/helloworld.o" "../src/helloworld.c"
../src/helloworld.c:36:24: fatal error: xil_printf.h: No such file or directory
compilation terminated.
make: *** [src/helloworld.o] Error 1
17:38:56 **** Auto Build of configuration Debug for project TrackingWithSPI ****
make all 
'Building file: ../src/It_is_gonna_work_this_time_I_swear.c'
'Invoking: ARM gcc compiler'
arm-xilinx-eabi-gcc -Wall -O0 -g3 -c -fmessage-length=0 -I../../system_bsp_spi/ps7_cortexa9_0/include -MMD -MP -MF"src/It_is_gonna_work_this_time_I_swear.d" -MT"src/It_is_gonna_work_this_time_I_swear.d" -o "src/It_is_gonna_work_this_time_I_swear.o" "../src/It_is_gonna_work_this_time_I_swear.c"
../src/It_is_gonna_work_this_time_I_swear.c: In function 'print_spi_debug':
../src/It_is_gonna_work_this_time_I_swear.c:58:2: warning: format '%d' expects argument of type 'int', but argument 2 has type 'u8 *' [-Wformat]
../src/It_is_gonna_work_this_time_I_swear.c:58:2: warning: format '%d' expects argument of type 'int', but argument 2 has type 'u8 *' [-Wformat]
../src/It_is_gonna_work_this_time_I_swear.c:59:2: warning: format '%d' expects argument of type 'int', but argument 2 has type 'u8 *' [-Wformat]
../src/It_is_gonna_work_this_time_I_swear.c:59:2: warning: format '%d' expects argument of type 'int', but argument 2 has type 'u8 *' [-Wformat]
'Finished building: ../src/It_is_gonna_work_this_time_I_swear.c'
' '
'Building target: TrackingWithSPI.elf'
'Invoking: ARM gcc linker'
arm-xilinx-eabi-gcc -Wl,-T -Wl,../src/lscript.ld -L../../system_bsp_spi/ps7_cortexa9_0/lib -o "TrackingWithSPI.elf"  ./src/It_is_gonna_work_this_time_I_swear.o ./src/platform.o   -Wl,--start-group,-lxil,-lgcc,-lc,--end-group
'Finished building target: TrackingWithSPI.elf'
' '
'Invoking: ARM Print Size'
arm-xilinx-eabi-size TrackingWithSPI.elf  |tee "TrackingWithSPI.elf.size"
   text	   data	    bss	    dec	    hex	filename
  68824	   2296	 398604	 469724	  72adc	TrackingWithSPI.elf
'Finished building: TrackingWithSPI.elf.size'
' '
17:38:58 **** Incremental Build of configuration Debug for project TrackingWithSPI ****
make all 
make: Nothing to be done for `all'.
17:38:59 **** Incremental Build of configuration Debug for project AudioTracking ****
make all 
'Building file: ../src/helloworld.c'
'Invoking: ARM gcc compiler'
arm-xilinx-eabi-gcc -Wall -O0 -g3 -c -fmessage-length=0 -I../../system_bsp/ps7_cortexa9_0/include -MMD -MP -MF"src/helloworld.d" -MT"src/helloworld.d" -o "src/helloworld.o" "../src/helloworld.c"
../src/helloworld.c:36:24: fatal error: xil_printf.h: No such file or directory
compilation terminated.
make: *** [src/helloworld.o] Error 1
17:40:12 **** Auto Build of configuration Debug for project TrackingWithSPI ****
make all 
'Building file: ../src/It_is_gonna_work_this_time_I_swear.c'
'Invoking: ARM gcc compiler'
arm-xilinx-eabi-gcc -Wall -O0 -g3 -c -fmessage-length=0 -I../../system_bsp_spi/ps7_cortexa9_0/include -MMD -MP -MF"src/It_is_gonna_work_this_time_I_swear.d" -MT"src/It_is_gonna_work_this_time_I_swear.d" -o "src/It_is_gonna_work_this_time_I_swear.o" "../src/It_is_gonna_work_this_time_I_swear.c"
../src/It_is_gonna_work_this_time_I_swear.c: In function 'print_spi_debug':
../src/It_is_gonna_work_this_time_I_swear.c:58:2: warning: format '%d' expects argument of type 'int', but argument 2 has type 'u8 *' [-Wformat]
../src/It_is_gonna_work_this_time_I_swear.c:58:2: warning: format '%d' expects argument of type 'int', but argument 2 has type 'u8 *' [-Wformat]
../src/It_is_gonna_work_this_time_I_swear.c:59:2: warning: format '%d' expects argument of type 'int', but argument 2 has type 'u8 *' [-Wformat]
../src/It_is_gonna_work_this_time_I_swear.c:59:2: warning: format '%d' expects argument of type 'int', but argument 2 has type 'u8 *' [-Wformat]
'Finished building: ../src/It_is_gonna_work_this_time_I_swear.c'
' '
'Building target: TrackingWithSPI.elf'
'Invoking: ARM gcc linker'
arm-xilinx-eabi-gcc -Wl,-T -Wl,../src/lscript.ld -L../../system_bsp_spi/ps7_cortexa9_0/lib -o "TrackingWithSPI.elf"  ./src/It_is_gonna_work_this_time_I_swear.o ./src/platform.o   -Wl,--start-group,-lxil,-lgcc,-lc,--end-group
'Finished building target: TrackingWithSPI.elf'
' '
'Invoking: ARM Print Size'
arm-xilinx-eabi-size TrackingWithSPI.elf  |tee "TrackingWithSPI.elf.size"
   text	   data	    bss	    dec	    hex	filename
  68816	   2296	 398604	 469716	  72ad4	TrackingWithSPI.elf
'Finished building: TrackingWithSPI.elf.size'
' '
17:40:14 **** Incremental Build of configuration Debug for project TrackingWithSPI ****
make all 
make: Nothing to be done for `all'.
17:40:15 **** Incremental Build of configuration Debug for project AudioTracking ****
make all 
'Building file: ../src/helloworld.c'
'Invoking: ARM gcc compiler'
arm-xilinx-eabi-gcc -Wall -O0 -g3 -c -fmessage-length=0 -I../../system_bsp/ps7_cortexa9_0/include -MMD -MP -MF"src/helloworld.d" -MT"src/helloworld.d" -o "src/helloworld.o" "../src/helloworld.c"
../src/helloworld.c:36:24: fatal error: xil_printf.h: No such file or directory
compilation terminated.
make: *** [src/helloworld.o] Error 1
17:48:51 **** Auto Build of configuration Debug for project TrackingWithSPI ****
make all 
'Building file: ../src/It_is_gonna_work_this_time_I_swear.c'
'Invoking: ARM gcc compiler'
arm-xilinx-eabi-gcc -Wall -O0 -g3 -c -fmessage-length=0 -I../../system_bsp_spi/ps7_cortexa9_0/include -MMD -MP -MF"src/It_is_gonna_work_this_time_I_swear.d" -MT"src/It_is_gonna_work_this_time_I_swear.d" -o "src/It_is_gonna_work_this_time_I_swear.o" "../src/It_is_gonna_work_this_time_I_swear.c"
../src/It_is_gonna_work_this_time_I_swear.c: In function 'print_spi_debug':
../src/It_is_gonna_work_this_time_I_swear.c:60:2: warning: format '%d' expects argument of type 'int', but argument 2 has type 'u8 *' [-Wformat]
../src/It_is_gonna_work_this_time_I_swear.c:60:2: warning: format '%d' expects argument of type 'int', but argument 2 has type 'u8 *' [-Wformat]
../src/It_is_gonna_work_this_time_I_swear.c:61:2: warning: format '%d' expects argument of type 'int', but argument 2 has type 'u8 *' [-Wformat]
../src/It_is_gonna_work_this_time_I_swear.c:61:2: warning: format '%d' expects argument of type 'int', but argument 2 has type 'u8 *' [-Wformat]
'Finished building: ../src/It_is_gonna_work_this_time_I_swear.c'
' '
'Building target: TrackingWithSPI.elf'
'Invoking: ARM gcc linker'
arm-xilinx-eabi-gcc -Wl,-T -Wl,../src/lscript.ld -L../../system_bsp_spi/ps7_cortexa9_0/lib -o "TrackingWithSPI.elf"  ./src/It_is_gonna_work_this_time_I_swear.o ./src/platform.o   -Wl,--start-group,-lxil,-lgcc,-lc,--end-group
'Finished building target: TrackingWithSPI.elf'
' '
'Invoking: ARM Print Size'
arm-xilinx-eabi-size TrackingWithSPI.elf  |tee "TrackingWithSPI.elf.size"
   text	   data	    bss	    dec	    hex	filename
  69048	   2296	 398604	 469948	  72bbc	TrackingWithSPI.elf
'Finished building: TrackingWithSPI.elf.size'
' '
17:48:55 **** Incremental Build of configuration Debug for project TrackingWithSPI ****
make all 
make: Nothing to be done for `all'.
17:48:55 **** Incremental Build of configuration Debug for project AudioTracking ****
make all 
'Building file: ../src/helloworld.c'
'Invoking: ARM gcc compiler'
arm-xilinx-eabi-gcc -Wall -O0 -g3 -c -fmessage-length=0 -I../../system_bsp/ps7_cortexa9_0/include -MMD -MP -MF"src/helloworld.d" -MT"src/helloworld.d" -o "src/helloworld.o" "../src/helloworld.c"
../src/helloworld.c:36:24: fatal error: xil_printf.h: No such file or directory
compilation terminated.
make: *** [src/helloworld.o] Error 1
17:53:28 **** Auto Build of configuration Debug for project TrackingWithSPI ****
make all 
'Building file: ../src/It_is_gonna_work_this_time_I_swear.c'
'Invoking: ARM gcc compiler'
arm-xilinx-eabi-gcc -Wall -O0 -g3 -c -fmessage-length=0 -I../../system_bsp_spi/ps7_cortexa9_0/include -MMD -MP -MF"src/It_is_gonna_work_this_time_I_swear.d" -MT"src/It_is_gonna_work_this_time_I_swear.d" -o "src/It_is_gonna_work_this_time_I_swear.o" "../src/It_is_gonna_work_this_time_I_swear.c"
../src/It_is_gonna_work_this_time_I_swear.c: In function 'print_spi_debug':
../src/It_is_gonna_work_this_time_I_swear.c:60:2: warning: format '%d' expects argument of type 'int', but argument 2 has type 'u8 *' [-Wformat]
../src/It_is_gonna_work_this_time_I_swear.c:60:2: warning: format '%d' expects argument of type 'int', but argument 2 has type 'u8 *' [-Wformat]
../src/It_is_gonna_work_this_time_I_swear.c:61:2: warning: format '%d' expects argument of type 'int', but argument 2 has type 'u8 *' [-Wformat]
../src/It_is_gonna_work_this_time_I_swear.c:61:2: warning: format '%d' expects argument of type 'int', but argument 2 has type 'u8 *' [-Wformat]
'Finished building: ../src/It_is_gonna_work_this_time_I_swear.c'
' '
'Building target: TrackingWithSPI.elf'
'Invoking: ARM gcc linker'
arm-xilinx-eabi-gcc -Wl,-T -Wl,../src/lscript.ld -L../../system_bsp_spi/ps7_cortexa9_0/lib -o "TrackingWithSPI.elf"  ./src/It_is_gonna_work_this_time_I_swear.o ./src/platform.o   -Wl,--start-group,-lxil,-lgcc,-lc,--end-group
'Finished building target: TrackingWithSPI.elf'
' '
'Invoking: ARM Print Size'
arm-xilinx-eabi-size TrackingWithSPI.elf  |tee "TrackingWithSPI.elf.size"
   text	   data	    bss	    dec	    hex	filename
  69064	   2296	 398604	 469964	  72bcc	TrackingWithSPI.elf
'Finished building: TrackingWithSPI.elf.size'
' '
17:53:32 **** Incremental Build of configuration Debug for project TrackingWithSPI ****
make all 
make: Nothing to be done for `all'.
17:53:33 **** Incremental Build of configuration Debug for project AudioTracking ****
make all 
'Building file: ../src/helloworld.c'
'Invoking: ARM gcc compiler'
arm-xilinx-eabi-gcc -Wall -O0 -g3 -c -fmessage-length=0 -I../../system_bsp/ps7_cortexa9_0/include -MMD -MP -MF"src/helloworld.d" -MT"src/helloworld.d" -o "src/helloworld.o" "../src/helloworld.c"
../src/helloworld.c:36:24: fatal error: xil_printf.h: No such file or directory
compilation terminated.
make: *** [src/helloworld.o] Error 1
17:54:28 **** Auto Build of configuration Debug for project TrackingWithSPI ****
make all 
'Building file: ../src/It_is_gonna_work_this_time_I_swear.c'
'Invoking: ARM gcc compiler'
arm-xilinx-eabi-gcc -Wall -O0 -g3 -c -fmessage-length=0 -I../../system_bsp_spi/ps7_cortexa9_0/include -MMD -MP -MF"src/It_is_gonna_work_this_time_I_swear.d" -MT"src/It_is_gonna_work_this_time_I_swear.d" -o "src/It_is_gonna_work_this_time_I_swear.o" "../src/It_is_gonna_work_this_time_I_swear.c"
../src/It_is_gonna_work_this_time_I_swear.c: In function 'print_spi_debug':
../src/It_is_gonna_work_this_time_I_swear.c:60:2: warning: format '%d' expects argument of type 'int', but argument 2 has type 'u8 *' [-Wformat]
../src/It_is_gonna_work_this_time_I_swear.c:60:2: warning: format '%d' expects argument of type 'int', but argument 2 has type 'u8 *' [-Wformat]
../src/It_is_gonna_work_this_time_I_swear.c:61:2: warning: format '%d' expects argument of type 'int', but argument 2 has type 'u8 *' [-Wformat]
../src/It_is_gonna_work_this_time_I_swear.c:61:2: warning: format '%d' expects argument of type 'int', but argument 2 has type 'u8 *' [-Wformat]
'Finished building: ../src/It_is_gonna_work_this_time_I_swear.c'
' '
'Building target: TrackingWithSPI.elf'
'Invoking: ARM gcc linker'
arm-xilinx-eabi-gcc -Wl,-T -Wl,../src/lscript.ld -L../../system_bsp_spi/ps7_cortexa9_0/lib -o "TrackingWithSPI.elf"  ./src/It_is_gonna_work_this_time_I_swear.o ./src/platform.o   -Wl,--start-group,-lxil,-lgcc,-lc,--end-group
'Finished building target: TrackingWithSPI.elf'
' '
'Invoking: ARM Print Size'
arm-xilinx-eabi-size TrackingWithSPI.elf  |tee "TrackingWithSPI.elf.size"
   text	   data	    bss	    dec	    hex	filename
  69064	   2296	 398604	 469964	  72bcc	TrackingWithSPI.elf
'Finished building: TrackingWithSPI.elf.size'
' '
17:54:31 **** Incremental Build of configuration Debug for project TrackingWithSPI ****
make all 
make: Nothing to be done for `all'.
17:54:31 **** Incremental Build of configuration Debug for project AudioTracking ****
make all 
'Building file: ../src/helloworld.c'
'Invoking: ARM gcc compiler'
arm-xilinx-eabi-gcc -Wall -O0 -g3 -c -fmessage-length=0 -I../../system_bsp/ps7_cortexa9_0/include -MMD -MP -MF"src/helloworld.d" -MT"src/helloworld.d" -o "src/helloworld.o" "../src/helloworld.c"
../src/helloworld.c:36:24: fatal error: xil_printf.h: No such file or directory
compilation terminated.
make: *** [src/helloworld.o] Error 1
17:55:18 **** Auto Build of configuration Debug for project TrackingWithSPI ****
make all 
'Building file: ../src/It_is_gonna_work_this_time_I_swear.c'
'Invoking: ARM gcc compiler'
arm-xilinx-eabi-gcc -Wall -O0 -g3 -c -fmessage-length=0 -I../../system_bsp_spi/ps7_cortexa9_0/include -MMD -MP -MF"src/It_is_gonna_work_this_time_I_swear.d" -MT"src/It_is_gonna_work_this_time_I_swear.d" -o "src/It_is_gonna_work_this_time_I_swear.o" "../src/It_is_gonna_work_this_time_I_swear.c"
../src/It_is_gonna_work_this_time_I_swear.c: In function 'print_spi_debug':
../src/It_is_gonna_work_this_time_I_swear.c:49:2: warning: format '%x' expects argument of type 'unsigned int', but argument 2 has type 'u32' [-Wformat]
../src/It_is_gonna_work_this_time_I_swear.c:49:2: warning: format '%x' expects argument of type 'unsigned int', but argument 2 has type 'u32' [-Wformat]
../src/It_is_gonna_work_this_time_I_swear.c:60:2: warning: format '%d' expects argument of type 'int', but argument 2 has type 'u8 *' [-Wformat]
../src/It_is_gonna_work_this_time_I_swear.c:60:2: warning: format '%d' expects argument of type 'int', but argument 2 has type 'u8 *' [-Wformat]
../src/It_is_gonna_work_this_time_I_swear.c:61:2: warning: format '%d' expects argument of type 'int', but argument 2 has type 'u8 *' [-Wformat]
../src/It_is_gonna_work_this_time_I_swear.c:61:2: warning: format '%d' expects argument of type 'int', but argument 2 has type 'u8 *' [-Wformat]
'Finished building: ../src/It_is_gonna_work_this_time_I_swear.c'
' '
'Building target: TrackingWithSPI.elf'
'Invoking: ARM gcc linker'
arm-xilinx-eabi-gcc -Wl,-T -Wl,../src/lscript.ld -L../../system_bsp_spi/ps7_cortexa9_0/lib -o "TrackingWithSPI.elf"  ./src/It_is_gonna_work_this_time_I_swear.o ./src/platform.o   -Wl,--start-group,-lxil,-lgcc,-lc,--end-group
'Finished building target: TrackingWithSPI.elf'
' '
'Invoking: ARM Print Size'
arm-xilinx-eabi-size TrackingWithSPI.elf  |tee "TrackingWithSPI.elf.size"
   text	   data	    bss	    dec	    hex	filename
  69064	   2296	 398604	 469964	  72bcc	TrackingWithSPI.elf
'Finished building: TrackingWithSPI.elf.size'
' '
17:55:20 **** Incremental Build of configuration Debug for project TrackingWithSPI ****
make all 
make: Nothing to be done for `all'.
17:55:20 **** Incremental Build of configuration Debug for project AudioTracking ****
make all 
'Building file: ../src/helloworld.c'
'Invoking: ARM gcc compiler'
arm-xilinx-eabi-gcc -Wall -O0 -g3 -c -fmessage-length=0 -I../../system_bsp/ps7_cortexa9_0/include -MMD -MP -MF"src/helloworld.d" -MT"src/helloworld.d" -o "src/helloworld.o" "../src/helloworld.c"
../src/helloworld.c:36:24: fatal error: xil_printf.h: No such file or directory
compilation terminated.
make: *** [src/helloworld.o] Error 1
17:56:25 **** Auto Build of configuration Debug for project TrackingWithSPI ****
make all 
'Building file: ../src/It_is_gonna_work_this_time_I_swear.c'
'Invoking: ARM gcc compiler'
arm-xilinx-eabi-gcc -Wall -O0 -g3 -c -fmessage-length=0 -I../../system_bsp_spi/ps7_cortexa9_0/include -MMD -MP -MF"src/It_is_gonna_work_this_time_I_swear.d" -MT"src/It_is_gonna_work_this_time_I_swear.d" -o "src/It_is_gonna_work_this_time_I_swear.o" "../src/It_is_gonna_work_this_time_I_swear.c"
../src/It_is_gonna_work_this_time_I_swear.c: In function 'print_spi_debug':
../src/It_is_gonna_work_this_time_I_swear.c:49:2: warning: format '%x' expects argument of type 'unsigned int', but argument 2 has type 'u32' [-Wformat]
../src/It_is_gonna_work_this_time_I_swear.c:49:2: warning: format '%x' expects argument of type 'unsigned int', but argument 2 has type 'u32' [-Wformat]
../src/It_is_gonna_work_this_time_I_swear.c:60:2: warning: format '%d' expects argument of type 'int', but argument 2 has type 'u8 *' [-Wformat]
../src/It_is_gonna_work_this_time_I_swear.c:60:2: warning: format '%d' expects argument of type 'int', but argument 2 has type 'u8 *' [-Wformat]
../src/It_is_gonna_work_this_time_I_swear.c:61:2: warning: format '%d' expects argument of type 'int', but argument 2 has type 'u8 *' [-Wformat]
../src/It_is_gonna_work_this_time_I_swear.c:61:2: warning: format '%d' expects argument of type 'int', but argument 2 has type 'u8 *' [-Wformat]
'Finished building: ../src/It_is_gonna_work_this_time_I_swear.c'
' '
'Building target: TrackingWithSPI.elf'
'Invoking: ARM gcc linker'
arm-xilinx-eabi-gcc -Wl,-T -Wl,../src/lscript.ld -L../../system_bsp_spi/ps7_cortexa9_0/lib -o "TrackingWithSPI.elf"  ./src/It_is_gonna_work_this_time_I_swear.o ./src/platform.o   -Wl,--start-group,-lxil,-lgcc,-lc,--end-group
'Finished building target: TrackingWithSPI.elf'
' '
'Invoking: ARM Print Size'
arm-xilinx-eabi-size TrackingWithSPI.elf  |tee "TrackingWithSPI.elf.size"
   text	   data	    bss	    dec	    hex	filename
  69088	   2296	 398604	 469988	  72be4	TrackingWithSPI.elf
'Finished building: TrackingWithSPI.elf.size'
' '
17:56:27 **** Incremental Build of configuration Debug for project TrackingWithSPI ****
make all 
make: Nothing to be done for `all'.
17:56:28 **** Incremental Build of configuration Debug for project AudioTracking ****
make all 
'Building file: ../src/helloworld.c'
'Invoking: ARM gcc compiler'
arm-xilinx-eabi-gcc -Wall -O0 -g3 -c -fmessage-length=0 -I../../system_bsp/ps7_cortexa9_0/include -MMD -MP -MF"src/helloworld.d" -MT"src/helloworld.d" -o "src/helloworld.o" "../src/helloworld.c"
../src/helloworld.c:36:24: fatal error: xil_printf.h: No such file or directory
compilation terminated.
make: *** [src/helloworld.o] Error 1
18:05:40 **** Auto Build of configuration Debug for project TrackingWithSPI ****
make all 
'Building file: ../src/It_is_gonna_work_this_time_I_swear.c'
'Invoking: ARM gcc compiler'
arm-xilinx-eabi-gcc -Wall -O0 -g3 -c -fmessage-length=0 -I../../system_bsp_spi/ps7_cortexa9_0/include -MMD -MP -MF"src/It_is_gonna_work_this_time_I_swear.d" -MT"src/It_is_gonna_work_this_time_I_swear.d" -o "src/It_is_gonna_work_this_time_I_swear.o" "../src/It_is_gonna_work_this_time_I_swear.c"
../src/It_is_gonna_work_this_time_I_swear.c: In function 'print_spi_debug':
../src/It_is_gonna_work_this_time_I_swear.c:49:2: warning: format '%x' expects argument of type 'unsigned int', but argument 2 has type 'u32' [-Wformat]
../src/It_is_gonna_work_this_time_I_swear.c:49:2: warning: format '%x' expects argument of type 'unsigned int', but argument 2 has type 'u32' [-Wformat]
../src/It_is_gonna_work_this_time_I_swear.c:60:2: warning: format '%d' expects argument of type 'int', but argument 2 has type 'u8 *' [-Wformat]
../src/It_is_gonna_work_this_time_I_swear.c:60:2: warning: format '%d' expects argument of type 'int', but argument 2 has type 'u8 *' [-Wformat]
../src/It_is_gonna_work_this_time_I_swear.c:61:2: warning: format '%d' expects argument of type 'int', but argument 2 has type 'u8 *' [-Wformat]
../src/It_is_gonna_work_this_time_I_swear.c:61:2: warning: format '%d' expects argument of type 'int', but argument 2 has type 'u8 *' [-Wformat]
'Finished building: ../src/It_is_gonna_work_this_time_I_swear.c'
' '
'Building target: TrackingWithSPI.elf'
'Invoking: ARM gcc linker'
arm-xilinx-eabi-gcc -Wl,-T -Wl,../src/lscript.ld -L../../system_bsp_spi/ps7_cortexa9_0/lib -o "TrackingWithSPI.elf"  ./src/It_is_gonna_work_this_time_I_swear.o ./src/platform.o   -Wl,--start-group,-lxil,-lgcc,-lc,--end-group
'Finished building target: TrackingWithSPI.elf'
' '
'Invoking: ARM Print Size'
arm-xilinx-eabi-size TrackingWithSPI.elf  |tee "TrackingWithSPI.elf.size"
   text	   data	    bss	    dec	    hex	filename
  69240	   2296	 398604	 470140	  72c7c	TrackingWithSPI.elf
'Finished building: TrackingWithSPI.elf.size'
' '
18:05:52 **** Incremental Build of configuration Debug for project TrackingWithSPI ****
make all 
make: Nothing to be done for `all'.
18:05:53 **** Incremental Build of configuration Debug for project AudioTracking ****
make all 
'Building file: ../src/helloworld.c'
'Invoking: ARM gcc compiler'
arm-xilinx-eabi-gcc -Wall -O0 -g3 -c -fmessage-length=0 -I../../system_bsp/ps7_cortexa9_0/include -MMD -MP -MF"src/helloworld.d" -MT"src/helloworld.d" -o "src/helloworld.o" "../src/helloworld.c"
../src/helloworld.c:36:24: fatal error: xil_printf.h: No such file or directory
compilation terminated.
make: *** [src/helloworld.o] Error 1
18:06:21 **** Auto Build of configuration Debug for project TrackingWithSPI ****
make all 
'Building file: ../src/It_is_gonna_work_this_time_I_swear.c'
'Invoking: ARM gcc compiler'
arm-xilinx-eabi-gcc -Wall -O0 -g3 -c -fmessage-length=0 -I../../system_bsp_spi/ps7_cortexa9_0/include -MMD -MP -MF"src/It_is_gonna_work_this_time_I_swear.d" -MT"src/It_is_gonna_work_this_time_I_swear.d" -o "src/It_is_gonna_work_this_time_I_swear.o" "../src/It_is_gonna_work_this_time_I_swear.c"
../src/It_is_gonna_work_this_time_I_swear.c: In function 'print_spi_debug':
../src/It_is_gonna_work_this_time_I_swear.c:49:2: warning: format '%x' expects argument of type 'unsigned int', but argument 2 has type 'u32' [-Wformat]
../src/It_is_gonna_work_this_time_I_swear.c:49:2: warning: format '%x' expects argument of type 'unsigned int', but argument 2 has type 'u32' [-Wformat]
../src/It_is_gonna_work_this_time_I_swear.c:60:2: warning: format '%d' expects argument of type 'int', but argument 2 has type 'u8 *' [-Wformat]
../src/It_is_gonna_work_this_time_I_swear.c:60:2: warning: format '%d' expects argument of type 'int', but argument 2 has type 'u8 *' [-Wformat]
../src/It_is_gonna_work_this_time_I_swear.c:61:2: warning: format '%d' expects argument of type 'int', but argument 2 has type 'u8 *' [-Wformat]
../src/It_is_gonna_work_this_time_I_swear.c:61:2: warning: format '%d' expects argument of type 'int', but argument 2 has type 'u8 *' [-Wformat]
'Finished building: ../src/It_is_gonna_work_this_time_I_swear.c'
' '
'Building target: TrackingWithSPI.elf'
'Invoking: ARM gcc linker'
arm-xilinx-eabi-gcc -Wl,-T -Wl,../src/lscript.ld -L../../system_bsp_spi/ps7_cortexa9_0/lib -o "TrackingWithSPI.elf"  ./src/It_is_gonna_work_this_time_I_swear.o ./src/platform.o   -Wl,--start-group,-lxil,-lgcc,-lc,--end-group
'Finished building target: TrackingWithSPI.elf'
' '
'Invoking: ARM Print Size'
arm-xilinx-eabi-size TrackingWithSPI.elf  |tee "TrackingWithSPI.elf.size"
   text	   data	    bss	    dec	    hex	filename
  69208	   2296	 398604	 470108	  72c5c	TrackingWithSPI.elf
'Finished building: TrackingWithSPI.elf.size'
' '
18:06:24 **** Incremental Build of configuration Debug for project TrackingWithSPI ****
make all 
make: Nothing to be done for `all'.
18:06:25 **** Incremental Build of configuration Debug for project AudioTracking ****
make all 
'Building file: ../src/helloworld.c'
'Invoking: ARM gcc compiler'
arm-xilinx-eabi-gcc -Wall -O0 -g3 -c -fmessage-length=0 -I../../system_bsp/ps7_cortexa9_0/include -MMD -MP -MF"src/helloworld.d" -MT"src/helloworld.d" -o "src/helloworld.o" "../src/helloworld.c"
../src/helloworld.c:36:24: fatal error: xil_printf.h: No such file or directory
compilation terminated.
make: *** [src/helloworld.o] Error 1
18:16:21 **** Auto Build of configuration Debug for project TrackingWithSPI ****
make all 
'Building file: ../src/It_is_gonna_work_this_time_I_swear.c'
'Invoking: ARM gcc compiler'
arm-xilinx-eabi-gcc -Wall -O0 -g3 -c -fmessage-length=0 -I../../system_bsp_spi/ps7_cortexa9_0/include -MMD -MP -MF"src/It_is_gonna_work_this_time_I_swear.d" -MT"src/It_is_gonna_work_this_time_I_swear.d" -o "src/It_is_gonna_work_this_time_I_swear.o" "../src/It_is_gonna_work_this_time_I_swear.c"
../src/It_is_gonna_work_this_time_I_swear.c:39:61: fatal error: xintc.h: No such file or directory
compilation terminated.
make: *** [src/It_is_gonna_work_this_time_I_swear.o] Error 1
18:17:38 **** Auto Build of project system_bsp_spi ****
make -k all 
'Finished building libraries'
18:17:38 **** Auto Build of project system_bsp_spi ****
make -k all 
'Finished building libraries'
18:17:39 **** Auto Build of project system_bsp_spi ****
make -k all 
'Finished building libraries'
18:17:39 **** Auto Build of project system_bsp_spi ****
make -k all 
'Finished building libraries'
18:17:40 **** Auto Build of configuration Debug for project TrackingWithSPI ****
make all 
'Building file: ../src/It_is_gonna_work_this_time_I_swear.c'
'Invoking: ARM gcc compiler'
arm-xilinx-eabi-gcc -Wall -O0 -g3 -c -fmessage-length=0 -I../../system_bsp_spi/ps7_cortexa9_0/include -MMD -MP -MF"src/It_is_gonna_work_this_time_I_swear.d" -MT"src/It_is_gonna_work_this_time_I_swear.d" -o "src/It_is_gonna_work_this_time_I_swear.o" "../src/It_is_gonna_work_this_time_I_swear.c"
../src/It_is_gonna_work_this_time_I_swear.c:39:61: fatal error: xintc.h: No such file or directory
compilation terminated.
make: *** [src/It_is_gonna_work_this_time_I_swear.o] Error 1
18:17:40 **** Auto Build of project system_bsp ****
make -k all 
libgen -hw ../system_hw_platform/system.xml\
	       \
	       -pe ps7_cortexa9_0 \
	       -log libgen.log \
	       system.mss
libgen
Xilinx EDK 14.7 Build EDK_P.20131013
Copyright (c) 1995-2012 Xilinx, Inc.  All rights reserved.

Command Line: libgen -hw ../system_hw_platform/system.xml -pe ps7_cortexa9_0
-log libgen.log system.mss 

ERROR:EDK:410 - generic -
   U:\Desktop\cpre488AudioTracking\sw\system_bsp\system.mss line 21 - No IP
   instance named axi_pmic_0 is present in the hardware!
ERROR:EDK:410 - generic -
   U:\Desktop\cpre488AudioTracking\sw\system_bsp\system.mss line 27 - No IP
   instance named axi_pmic_1 is present in the hardware!
ERROR:EDK:1206 - Errors occured while parsing MSS file.
make: *** [ps7_cortexa9_0/lib/libxil.a] Error 2
make: Target `all' not remade because of errors.
18:17:41 **** Auto Build of configuration Debug for project AudioTracking ****
make all 
'Building file: ../src/helloworld.c'
'Invoking: ARM gcc compiler'
arm-xilinx-eabi-gcc -Wall -O0 -g3 -c -fmessage-length=0 -I../../system_bsp/ps7_cortexa9_0/include -MMD -MP -MF"src/helloworld.d" -MT"src/helloworld.d" -o "src/helloworld.o" "../src/helloworld.c"
../src/helloworld.c:36:24: fatal error: xil_printf.h: No such file or directory
compilation terminated.
make: *** [src/helloworld.o] Error 1
18:18:32 **** Clean-only build of project system_bsp_spi ****
make -k clean 
rm -rf ps7_cortexa9_0
18:18:53 **** Build of project system_bsp_spi ****
make -k all 
libgen -hw ../system_hw_platform/system.xml\
	       \
	       -pe ps7_cortexa9_0 \
	       -log libgen.log \
	       system.mss
libgen
Xilinx EDK 14.7 Build EDK_P.20131013
Copyright (c) 1995-2012 Xilinx, Inc.  All rights reserved.

Command Line: libgen -hw ../system_hw_platform/system.xml -pe ps7_cortexa9_0
-log libgen.log system.mss 


Staging source files.
Running DRCs.
Running generate.
Running post_generate.
Running include - 'make -s include "COMPILER=arm-xilinx-eabi-gcc"
"ARCHIVER=arm-xilinx-eabi-ar" "COMPILER_FLAGS= -O2 -c"
"EXTRA_COMPILER_FLAGS=-g"'.

Running libs - 'make -s libs "COMPILER=arm-xilinx-eabi-gcc"
"ARCHIVER=arm-xilinx-eabi-ar" "COMPILER_FLAGS= -O2 -c"
"EXTRA_COMPILER_FLAGS=-g"'.
"Compiling common"
arm-xilinx-eabi-ar: creating ../../../lib/libxil.a
"Compiling standalone"
"Compiling spi"
"Compiling gpio"
"Compiling devcfg"
"Compiling dmaps"
"Compiling emacps"
"Compiling gpiops"
"Compiling qspips"
"Compiling scugic"
"Compiling scutimer"
"Compiling scuwdt"
"Compiling ttcps"
"Compiling uartps"
"Compiling usbps"
"Compiling xadcps"
"Compiling cpu_cortexa9"
Running execs_generate.
'Finished building libraries'
18:20:04 **** Auto Build of configuration Debug for project TrackingWithSPI ****
make all 
'Building file: ../src/It_is_gonna_work_this_time_I_swear.c'
'Invoking: ARM gcc compiler'
arm-xilinx-eabi-gcc -Wall -O0 -g3 -c -fmessage-length=0 -I../../system_bsp_spi/ps7_cortexa9_0/include -MMD -MP -MF"src/It_is_gonna_work_this_time_I_swear.d" -MT"src/It_is_gonna_work_this_time_I_swear.d" -o "src/It_is_gonna_work_this_time_I_swear.o" "../src/It_is_gonna_work_this_time_I_swear.c"
../src/It_is_gonna_work_this_time_I_swear.c:39:19: fatal error: xintc.h: No such file or directory
compilation terminated.
make: *** [src/It_is_gonna_work_this_time_I_swear.o] Error 1
18:25:56 **** Auto Build of configuration Debug for project TrackingWithSPI ****
make all 
'Building file: ../src/It_is_gonna_work_this_time_I_swear.c'
'Invoking: ARM gcc compiler'
arm-xilinx-eabi-gcc -Wall -O0 -g3 -c -fmessage-length=0 -I../../system_bsp_spi/ps7_cortexa9_0/include -MMD -MP -MF"src/It_is_gonna_work_this_time_I_swear.d" -MT"src/It_is_gonna_work_this_time_I_swear.d" -o "src/It_is_gonna_work_this_time_I_swear.o" "../src/It_is_gonna_work_this_time_I_swear.c"
../src/It_is_gonna_work_this_time_I_swear.c:39:19: fatal error: xintc.h: No such file or directory
compilation terminated.
make: *** [src/It_is_gonna_work_this_time_I_swear.o] Error 1
18:26:59 **** Clean-only build of project system_bsp_spi ****
make -k clean 
rm -rf ps7_cortexa9_0
18:27:10 **** Build of project system_bsp_spi ****
make -k all 
libgen -hw ../system_hw_platform/system.xml\
	       \
	       -pe ps7_cortexa9_0 \
	       -log libgen.log \
	       system.mss
libgen
Xilinx EDK 14.7 Build EDK_P.20131013
Copyright (c) 1995-2012 Xilinx, Inc.  All rights reserved.

Command Line: libgen -hw ../system_hw_platform/system.xml -pe ps7_cortexa9_0
-log libgen.log system.mss 


Staging source files.
Running DRCs.
Running generate.
Running post_generate.
Running include - 'make -s include "COMPILER=arm-xilinx-eabi-gcc"
"ARCHIVER=arm-xilinx-eabi-ar" "COMPILER_FLAGS= -O2 -c"
"EXTRA_COMPILER_FLAGS=-g"'.

Running libs - 'make -s libs "COMPILER=arm-xilinx-eabi-gcc"
"ARCHIVER=arm-xilinx-eabi-ar" "COMPILER_FLAGS= -O2 -c"
"EXTRA_COMPILER_FLAGS=-g"'.
"Compiling common"
arm-xilinx-eabi-ar: creating ../../../lib/libxil.a
"Compiling standalone"
Command canceled
18:27:44 **** Build of project system_bsp_spi ****
18:28:59 **** Build of project system_bsp_spi ****
make -k all 
'Finished building libraries'
18:29:00 **** Build of configuration Debug for project TrackingWithSPI ****
make all 
'Building file: ../src/It_is_gonna_work_this_time_I_swear.c'
'Invoking: ARM gcc compiler'
arm-xilinx-eabi-gcc -Wall -O0 -g3 -c -fmessage-length=0 -I../../system_bsp_spi/ps7_cortexa9_0/include -MMD -MP -MF"src/It_is_gonna_work_this_time_I_swear.d" -MT"src/It_is_gonna_work_this_time_I_swear.d" -o "src/It_is_gonna_work_this_time_I_swear.o" "../src/It_is_gonna_work_this_time_I_swear.c"
../src/It_is_gonna_work_this_time_I_swear.c: In function 'print_spi_debug':
../src/It_is_gonna_work_this_time_I_swear.c:53:2: warning: format '%x' expects argument of type 'unsigned int', but argument 2 has type 'u32' [-Wformat]
../src/It_is_gonna_work_this_time_I_swear.c:53:2: warning: format '%x' expects argument of type 'unsigned int', but argument 2 has type 'u32' [-Wformat]
../src/It_is_gonna_work_this_time_I_swear.c:64:2: warning: format '%d' expects argument of type 'int', but argument 2 has type 'u8 *' [-Wformat]
../src/It_is_gonna_work_this_time_I_swear.c:64:2: warning: format '%d' expects argument of type 'int', but argument 2 has type 'u8 *' [-Wformat]
../src/It_is_gonna_work_this_time_I_swear.c:65:2: warning: format '%d' expects argument of type 'int', but argument 2 has type 'u8 *' [-Wformat]
../src/It_is_gonna_work_this_time_I_swear.c:65:2: warning: format '%d' expects argument of type 'int', but argument 2 has type 'u8 *' [-Wformat]
../src/It_is_gonna_work_this_time_I_swear.c: In function 'intr_init':
../src/It_is_gonna_work_this_time_I_swear.c:111:36: error: 'IntcInstancePtr' undeclared (first use in this function)
../src/It_is_gonna_work_this_time_I_swear.c:111:36: note: each undeclared identifier is reported only once for each function it appears in
../src/It_is_gonna_work_this_time_I_swear.c:111:53: error: 'INTC_DEVICE_ID' undeclared (first use in this function)
../src/It_is_gonna_work_this_time_I_swear.c:112:33: error: 'SpiIntrId' undeclared (first use in this function)
../src/It_is_gonna_work_this_time_I_swear.c:114:14: error: 'SpiInstancePtr' undeclared (first use in this function)
../src/It_is_gonna_work_this_time_I_swear.c:111:10: warning: variable 'Status' set but not used [-Wunused-but-set-variable]
make: *** [src/It_is_gonna_work_this_time_I_swear.o] Error 1
18:29:00 **** Build of project system_bsp ****
make -k all 
libgen -hw ../system_hw_platform/system.xml\
	       \
	       -pe ps7_cortexa9_0 \
	       -log libgen.log \
	       system.mss
libgen
Xilinx EDK 14.7 Build EDK_P.20131013
Copyright (c) 1995-2012 Xilinx, Inc.  All rights reserved.

Command Line: libgen -hw ../system_hw_platform/system.xml -pe ps7_cortexa9_0
-log libgen.log system.mss 

ERROR:EDK:410 - generic -
   U:\Desktop\cpre488AudioTracking\sw\system_bsp\system.mss line 21 - No IP
   instance named axi_pmic_0 is present in the hardware!
ERROR:EDK:410 - generic -
   U:\Desktop\cpre488AudioTracking\sw\system_bsp\system.mss line 27 - No IP
   instance named axi_pmic_1 is present in the hardware!
ERROR:EDK:1206 - Errors occured while parsing MSS file.
make: *** [ps7_cortexa9_0/lib/libxil.a] Error 2
make: Target `all' not remade because of errors.
18:29:01 **** Build of configuration Debug for project AudioTracking ****
make all 
'Building file: ../src/helloworld.c'
'Invoking: ARM gcc compiler'
arm-xilinx-eabi-gcc -Wall -O0 -g3 -c -fmessage-length=0 -I../../system_bsp/ps7_cortexa9_0/include -MMD -MP -MF"src/helloworld.d" -MT"src/helloworld.d" -o "src/helloworld.o" "../src/helloworld.c"
../src/helloworld.c:36:24: fatal error: xil_printf.h: No such file or directory
compilation terminated.
make: *** [src/helloworld.o] Error 1
18:30:07 **** Auto Build of configuration Debug for project TrackingWithSPI ****
make all 
'Building file: ../src/It_is_gonna_work_this_time_I_swear.c'
'Invoking: ARM gcc compiler'
arm-xilinx-eabi-gcc -Wall -O0 -g3 -c -fmessage-length=0 -I../../system_bsp_spi/ps7_cortexa9_0/include -MMD -MP -MF"src/It_is_gonna_work_this_time_I_swear.d" -MT"src/It_is_gonna_work_this_time_I_swear.d" -o "src/It_is_gonna_work_this_time_I_swear.o" "../src/It_is_gonna_work_this_time_I_swear.c"
../src/It_is_gonna_work_this_time_I_swear.c: In function 'print_spi_debug':
../src/It_is_gonna_work_this_time_I_swear.c:53:2: warning: format '%x' expects argument of type 'unsigned int', but argument 2 has type 'u32' [-Wformat]
../src/It_is_gonna_work_this_time_I_swear.c:53:2: warning: format '%x' expects argument of type 'unsigned int', but argument 2 has type 'u32' [-Wformat]
../src/It_is_gonna_work_this_time_I_swear.c:64:2: warning: format '%d' expects argument of type 'int', but argument 2 has type 'u8 *' [-Wformat]
../src/It_is_gonna_work_this_time_I_swear.c:64:2: warning: format '%d' expects argument of type 'int', but argument 2 has type 'u8 *' [-Wformat]
../src/It_is_gonna_work_this_time_I_swear.c:65:2: warning: format '%d' expects argument of type 'int', but argument 2 has type 'u8 *' [-Wformat]
../src/It_is_gonna_work_this_time_I_swear.c:65:2: warning: format '%d' expects argument of type 'int', but argument 2 has type 'u8 *' [-Wformat]
../src/It_is_gonna_work_this_time_I_swear.c: In function 'intr_init':
../src/It_is_gonna_work_this_time_I_swear.c:111:36: error: 'IntcInstancePtr' undeclared (first use in this function)
../src/It_is_gonna_work_this_time_I_swear.c:111:36: note: each undeclared identifier is reported only once for each function it appears in
../src/It_is_gonna_work_this_time_I_swear.c:112:33: error: 'SpiIntrId' undeclared (first use in this function)
../src/It_is_gonna_work_this_time_I_swear.c:114:14: error: 'SpiInstancePtr' undeclared (first use in this function)
../src/It_is_gonna_work_this_time_I_swear.c:111:10: warning: variable 'Status' set but not used [-Wunused-but-set-variable]
make: *** [src/It_is_gonna_work_this_time_I_swear.o] Error 1
18:30:26 **** Auto Build of configuration Debug for project TrackingWithSPI ****
make all 
'Building file: ../src/It_is_gonna_work_this_time_I_swear.c'
'Invoking: ARM gcc compiler'
arm-xilinx-eabi-gcc -Wall -O0 -g3 -c -fmessage-length=0 -I../../system_bsp_spi/ps7_cortexa9_0/include -MMD -MP -MF"src/It_is_gonna_work_this_time_I_swear.d" -MT"src/It_is_gonna_work_this_time_I_swear.d" -o "src/It_is_gonna_work_this_time_I_swear.o" "../src/It_is_gonna_work_this_time_I_swear.c"
../src/It_is_gonna_work_this_time_I_swear.c: In function 'print_spi_debug':
../src/It_is_gonna_work_this_time_I_swear.c:53:2: warning: format '%x' expects argument of type 'unsigned int', but argument 2 has type 'u32' [-Wformat]
../src/It_is_gonna_work_this_time_I_swear.c:53:2: warning: format '%x' expects argument of type 'unsigned int', but argument 2 has type 'u32' [-Wformat]
../src/It_is_gonna_work_this_time_I_swear.c:64:2: warning: format '%d' expects argument of type 'int', but argument 2 has type 'u8 *' [-Wformat]
../src/It_is_gonna_work_this_time_I_swear.c:64:2: warning: format '%d' expects argument of type 'int', but argument 2 has type 'u8 *' [-Wformat]
../src/It_is_gonna_work_this_time_I_swear.c:65:2: warning: format '%d' expects argument of type 'int', but argument 2 has type 'u8 *' [-Wformat]
../src/It_is_gonna_work_this_time_I_swear.c:65:2: warning: format '%d' expects argument of type 'int', but argument 2 has type 'u8 *' [-Wformat]
../src/It_is_gonna_work_this_time_I_swear.c: In function 'intr_init':
../src/It_is_gonna_work_this_time_I_swear.c:111:37: error: 'intr' undeclared (first use in this function)
../src/It_is_gonna_work_this_time_I_swear.c:111:37: note: each undeclared identifier is reported only once for each function it appears in
../src/It_is_gonna_work_this_time_I_swear.c:112:33: error: 'SpiIntrId' undeclared (first use in this function)
../src/It_is_gonna_work_this_time_I_swear.c:114:14: error: 'SpiInstancePtr' undeclared (first use in this function)
../src/It_is_gonna_work_this_time_I_swear.c:116:23: error: 'IntcInstancePtr' undeclared (first use in this function)
../src/It_is_gonna_work_this_time_I_swear.c:111:10: warning: variable 'Status' set but not used [-Wunused-but-set-variable]
make: *** [src/It_is_gonna_work_this_time_I_swear.o] Error 1
18:32:31 **** Auto Build of configuration Debug for project TrackingWithSPI ****
make all 
'Building file: ../src/It_is_gonna_work_this_time_I_swear.c'
'Invoking: ARM gcc compiler'
arm-xilinx-eabi-gcc -Wall -O0 -g3 -c -fmessage-length=0 -I../../system_bsp_spi/ps7_cortexa9_0/include -MMD -MP -MF"src/It_is_gonna_work_this_time_I_swear.d" -MT"src/It_is_gonna_work_this_time_I_swear.d" -o "src/It_is_gonna_work_this_time_I_swear.o" "../src/It_is_gonna_work_this_time_I_swear.c"
../src/It_is_gonna_work_this_time_I_swear.c: In function 'print_spi_debug':
../src/It_is_gonna_work_this_time_I_swear.c:53:2: warning: format '%x' expects argument of type 'unsigned int', but argument 2 has type 'u32' [-Wformat]
../src/It_is_gonna_work_this_time_I_swear.c:53:2: warning: format '%x' expects argument of type 'unsigned int', but argument 2 has type 'u32' [-Wformat]
../src/It_is_gonna_work_this_time_I_swear.c:64:2: warning: format '%d' expects argument of type 'int', but argument 2 has type 'u8 *' [-Wformat]
../src/It_is_gonna_work_this_time_I_swear.c:64:2: warning: format '%d' expects argument of type 'int', but argument 2 has type 'u8 *' [-Wformat]
../src/It_is_gonna_work_this_time_I_swear.c:65:2: warning: format '%d' expects argument of type 'int', but argument 2 has type 'u8 *' [-Wformat]
../src/It_is_gonna_work_this_time_I_swear.c:65:2: warning: format '%d' expects argument of type 'int', but argument 2 has type 'u8 *' [-Wformat]
../src/It_is_gonna_work_this_time_I_swear.c: In function 'intr_init':
../src/It_is_gonna_work_this_time_I_swear.c:114:14: error: 'SpiInstancePtr' undeclared (first use in this function)
../src/It_is_gonna_work_this_time_I_swear.c:114:14: note: each undeclared identifier is reported only once for each function it appears in
../src/It_is_gonna_work_this_time_I_swear.c:116:23: error: 'IntcInstancePtr' undeclared (first use in this function)
../src/It_is_gonna_work_this_time_I_swear.c:117:32: error: 'SpiIntrId' undeclared (first use in this function)
../src/It_is_gonna_work_this_time_I_swear.c:111:10: warning: variable 'Status' set but not used [-Wunused-but-set-variable]
make: *** [src/It_is_gonna_work_this_time_I_swear.o] Error 1
18:32:51 **** Auto Build of configuration Debug for project TrackingWithSPI ****
make all 
'Building file: ../src/It_is_gonna_work_this_time_I_swear.c'
'Invoking: ARM gcc compiler'
arm-xilinx-eabi-gcc -Wall -O0 -g3 -c -fmessage-length=0 -I../../system_bsp_spi/ps7_cortexa9_0/include -MMD -MP -MF"src/It_is_gonna_work_this_time_I_swear.d" -MT"src/It_is_gonna_work_this_time_I_swear.d" -o "src/It_is_gonna_work_this_time_I_swear.o" "../src/It_is_gonna_work_this_time_I_swear.c"
../src/It_is_gonna_work_this_time_I_swear.c: In function 'print_spi_debug':
../src/It_is_gonna_work_this_time_I_swear.c:53:2: warning: format '%x' expects argument of type 'unsigned int', but argument 2 has type 'u32' [-Wformat]
../src/It_is_gonna_work_this_time_I_swear.c:53:2: warning: format '%x' expects argument of type 'unsigned int', but argument 2 has type 'u32' [-Wformat]
../src/It_is_gonna_work_this_time_I_swear.c:64:2: warning: format '%d' expects argument of type 'int', but argument 2 has type 'u8 *' [-Wformat]
../src/It_is_gonna_work_this_time_I_swear.c:64:2: warning: format '%d' expects argument of type 'int', but argument 2 has type 'u8 *' [-Wformat]
../src/It_is_gonna_work_this_time_I_swear.c:65:2: warning: format '%d' expects argument of type 'int', but argument 2 has type 'u8 *' [-Wformat]
../src/It_is_gonna_work_this_time_I_swear.c:65:2: warning: format '%d' expects argument of type 'int', but argument 2 has type 'u8 *' [-Wformat]
../src/It_is_gonna_work_this_time_I_swear.c: In function 'intr_init':
../src/It_is_gonna_work_this_time_I_swear.c:116:23: error: 'IntcInstancePtr' undeclared (first use in this function)
../src/It_is_gonna_work_this_time_I_swear.c:116:23: note: each undeclared identifier is reported only once for each function it appears in
../src/It_is_gonna_work_this_time_I_swear.c:117:32: error: 'SpiIntrId' undeclared (first use in this function)
../src/It_is_gonna_work_this_time_I_swear.c:111:10: warning: variable 'Status' set but not used [-Wunused-but-set-variable]
make: *** [src/It_is_gonna_work_this_time_I_swear.o] Error 1
18:33:05 **** Auto Build of configuration Debug for project TrackingWithSPI ****
make all 
'Building file: ../src/It_is_gonna_work_this_time_I_swear.c'
'Invoking: ARM gcc compiler'
arm-xilinx-eabi-gcc -Wall -O0 -g3 -c -fmessage-length=0 -I../../system_bsp_spi/ps7_cortexa9_0/include -MMD -MP -MF"src/It_is_gonna_work_this_time_I_swear.d" -MT"src/It_is_gonna_work_this_time_I_swear.d" -o "src/It_is_gonna_work_this_time_I_swear.o" "../src/It_is_gonna_work_this_time_I_swear.c"
../src/It_is_gonna_work_this_time_I_swear.c: In function 'print_spi_debug':
../src/It_is_gonna_work_this_time_I_swear.c:53:2: warning: format '%x' expects argument of type 'unsigned int', but argument 2 has type 'u32' [-Wformat]
../src/It_is_gonna_work_this_time_I_swear.c:53:2: warning: format '%x' expects argument of type 'unsigned int', but argument 2 has type 'u32' [-Wformat]
../src/It_is_gonna_work_this_time_I_swear.c:64:2: warning: format '%d' expects argument of type 'int', but argument 2 has type 'u8 *' [-Wformat]
../src/It_is_gonna_work_this_time_I_swear.c:64:2: warning: format '%d' expects argument of type 'int', but argument 2 has type 'u8 *' [-Wformat]
../src/It_is_gonna_work_this_time_I_swear.c:65:2: warning: format '%d' expects argument of type 'int', but argument 2 has type 'u8 *' [-Wformat]
../src/It_is_gonna_work_this_time_I_swear.c:65:2: warning: format '%d' expects argument of type 'int', but argument 2 has type 'u8 *' [-Wformat]
../src/It_is_gonna_work_this_time_I_swear.c: In function 'intr_init':
../src/It_is_gonna_work_this_time_I_swear.c:117:15: error: 'IntcInstancePtr' undeclared (first use in this function)
../src/It_is_gonna_work_this_time_I_swear.c:117:15: note: each undeclared identifier is reported only once for each function it appears in
../src/It_is_gonna_work_this_time_I_swear.c:117:32: error: 'SpiIntrId' undeclared (first use in this function)
../src/It_is_gonna_work_this_time_I_swear.c:111:10: warning: variable 'Status' set but not used [-Wunused-but-set-variable]
make: *** [src/It_is_gonna_work_this_time_I_swear.o] Error 1
18:33:20 **** Auto Build of configuration Debug for project TrackingWithSPI ****
make all 
'Building file: ../src/It_is_gonna_work_this_time_I_swear.c'
'Invoking: ARM gcc compiler'
arm-xilinx-eabi-gcc -Wall -O0 -g3 -c -fmessage-length=0 -I../../system_bsp_spi/ps7_cortexa9_0/include -MMD -MP -MF"src/It_is_gonna_work_this_time_I_swear.d" -MT"src/It_is_gonna_work_this_time_I_swear.d" -o "src/It_is_gonna_work_this_time_I_swear.o" "../src/It_is_gonna_work_this_time_I_swear.c"
../src/It_is_gonna_work_this_time_I_swear.c: In function 'print_spi_debug':
../src/It_is_gonna_work_this_time_I_swear.c:53:2: warning: format '%x' expects argument of type 'unsigned int', but argument 2 has type 'u32' [-Wformat]
../src/It_is_gonna_work_this_time_I_swear.c:53:2: warning: format '%x' expects argument of type 'unsigned int', but argument 2 has type 'u32' [-Wformat]
../src/It_is_gonna_work_this_time_I_swear.c:64:2: warning: format '%d' expects argument of type 'int', but argument 2 has type 'u8 *' [-Wformat]
../src/It_is_gonna_work_this_time_I_swear.c:64:2: warning: format '%d' expects argument of type 'int', but argument 2 has type 'u8 *' [-Wformat]
../src/It_is_gonna_work_this_time_I_swear.c:65:2: warning: format '%d' expects argument of type 'int', but argument 2 has type 'u8 *' [-Wformat]
../src/It_is_gonna_work_this_time_I_swear.c:65:2: warning: format '%d' expects argument of type 'int', but argument 2 has type 'u8 *' [-Wformat]
../src/It_is_gonna_work_this_time_I_swear.c: In function 'intr_init':
../src/It_is_gonna_work_this_time_I_swear.c:122:5: error: 'IntcInstancePtr' undeclared (first use in this function)
../src/It_is_gonna_work_this_time_I_swear.c:122:5: note: each undeclared identifier is reported only once for each function it appears in
../src/It_is_gonna_work_this_time_I_swear.c:111:10: warning: variable 'Status' set but not used [-Wunused-but-set-variable]
make: *** [src/It_is_gonna_work_this_time_I_swear.o] Error 1
18:33:37 **** Auto Build of configuration Debug for project TrackingWithSPI ****
make all 
[...]
../src/It_is_gonna_work_this_time_I_swear.c:83:2: warning: format '%x' expects argument of type 'unsigned int', but argument 2 has type 'u32 *' [-Wformat]
../src/It_is_gonna_work_this_time_I_swear.c:83:2: warning: format '%x' expects argument of type 'unsigned int', but argument 2 has type 'u32 *' [-Wformat]
../src/It_is_gonna_work_this_time_I_swear.c:84:2: warning: format '%x' expects argument of type 'unsigned int', but argument 2 has type 'int *' [-Wformat]
../src/It_is_gonna_work_this_time_I_swear.c:84:2: warning: format '%x' expects argument of type 'unsigned int', but argument 2 has type 'int *' [-Wformat]
../src/It_is_gonna_work_this_time_I_swear.c:85:2: warning: format '%x' expects argument of type 'unsigned int', but argument 2 has type 'int *' [-Wformat]
../src/It_is_gonna_work_this_time_I_swear.c:85:2: warning: format '%x' expects argument of type 'unsigned int', but argument 2 has type 'int *' [-Wformat]
../src/It_is_gonna_work_this_time_I_swear.c: In function 'spi_intr_init':
../src/It_is_gonna_work_this_time_I_swear.c:143:2: warning: passing argument 3 of 'XSpi_SetStatusHandler' from incompatible pointer type [enabled by default]
In file included from ../src/It_is_gonna_work_this_time_I_swear.c:37:0:
../../system_bsp_spi/ps7_cortexa9_0/include/xspi.h:815:6: note: expected 'XSpi_StatusHandler' but argument is of type 'void (*)(void *, u32,  u32)'
../src/It_is_gonna_work_this_time_I_swear.c: In function 'main':
../src/It_is_gonna_work_this_time_I_swear.c:202:5: warning: variable 'write' set but not used [-Wunused-but-set-variable]
'Finished building: ../src/It_is_gonna_work_this_time_I_swear.c'
' '
'Building target: TrackingWithSPI.elf'
'Invoking: ARM gcc linker'
arm-xilinx-eabi-gcc -Wl,-T -Wl,../src/lscript.ld -L../../system_bsp_spi/ps7_cortexa9_0/lib -o "TrackingWithSPI.elf"  ./src/It_is_gonna_work_this_time_I_swear.o ./src/platform.o   -Wl,--start-group,-lxil,-lgcc,-lc,--end-group
'Finished building target: TrackingWithSPI.elf'
' '
'Invoking: ARM Print Size'
arm-xilinx-eabi-size TrackingWithSPI.elf  |tee "TrackingWithSPI.elf.size"
   text	   data	    bss	    dec	    hex	filename
  76476	   2400	 398780	 477656	  749d8	TrackingWithSPI.elf
'Finished building: TrackingWithSPI.elf.size'
' '
16:20:03 **** Incremental Build of configuration Debug for project TrackingWithSPI ****
make all 
make: Nothing to be done for `all'.
16:21:15 **** Auto Build of configuration Debug for project TrackingWithSPI ****
make all 
'Building file: ../src/It_is_gonna_work_this_time_I_swear.c'
'Invoking: ARM gcc compiler'
arm-xilinx-eabi-gcc -Wall -O0 -g3 -c -fmessage-length=0 -I../../system_bsp_spi/ps7_cortexa9_0/include -MMD -MP -MF"src/It_is_gonna_work_this_time_I_swear.d" -MT"src/It_is_gonna_work_this_time_I_swear.d" -o "src/It_is_gonna_work_this_time_I_swear.o" "../src/It_is_gonna_work_this_time_I_swear.c"
../src/It_is_gonna_work_this_time_I_swear.c: In function 'print_spi_debug':
../src/It_is_gonna_work_this_time_I_swear.c:61:2: warning: format '%x' expects argument of type 'unsigned int', but argument 2 has type 'u32' [-Wformat]
../src/It_is_gonna_work_this_time_I_swear.c:61:2: warning: format '%x' expects argument of type 'unsigned int', but argument 2 has type 'u32' [-Wformat]
../src/It_is_gonna_work_this_time_I_swear.c:72:2: warning: format '%d' expects argument of type 'int', but argument 2 has type 'u8 *' [-Wformat]
../src/It_is_gonna_work_this_time_I_swear.c:72:2: warning: format '%d' expects argument of type 'int', but argument 2 has type 'u8 *' [-Wformat]
../src/It_is_gonna_work_this_time_I_swear.c:73:2: warning: format '%d' expects argument of type 'int', but argument 2 has type 'u8 *' [-Wformat]
../src/It_is_gonna_work_this_time_I_swear.c:73:2: warning: format '%d' expects argument of type 'int', but argument 2 has type 'u8 *' [-Wformat]
../src/It_is_gonna_work_this_time_I_swear.c: In function 'print_gpio_debug':
../src/It_is_gonna_work_this_time_I_swear.c:82:2: warning: format '%x' expects argument of type 'unsigned int', but argument 2 has type 'u32 *' [-Wformat]
../src/It_is_gonna_work_this_time_I_swear.c:82:2: warning: format '%x' expects argument of type 'unsigned int', but argument 2 has type 'u32 *' [-Wformat]
../src/It_is_gonna_work_this_time_I_swear.c:83:2: warning: format '%x' expects argument of type 'unsigned int', but argument 2 has type 'u32 *' [-Wformat]
../src/It_is_gonna_work_this_time_I_swear.c:83:2: warning: format '%x' expects argument of type 'unsigned int', but argument 2 has type 'u32 *' [-Wformat]
../src/It_is_gonna_work_this_time_I_swear.c:84:2: warning: format '%x' expects argument of type 'unsigned int', but argument 2 has type 'int *' [-Wformat]
../src/It_is_gonna_work_this_time_I_swear.c:84:2: warning: format '%x' expects argument of type 'unsigned int', but argument 2 has type 'int *' [-Wformat]
../src/It_is_gonna_work_this_time_I_swear.c:85:2: warning: format '%x' expects argument of type 'unsigned int', but argument 2 has type 'int *' [-Wformat]
../src/It_is_gonna_work_this_time_I_swear.c:85:2: warning: format '%x' expects argument of type 'unsigned int', but argument 2 has type 'int *' [-Wformat]
../src/It_is_gonna_work_this_time_I_swear.c: In function 'spi_intr_init':
../src/It_is_gonna_work_this_time_I_swear.c:143:2: warning: passing argument 3 of 'XSpi_SetStatusHandler' from incompatible pointer type [enabled by default]
In file included from ../src/It_is_gonna_work_this_time_I_swear.c:37:0:
../../system_bsp_spi/ps7_cortexa9_0/include/xspi.h:815:6: note: expected 'XSpi_StatusHandler' but argument is of type 'void (*)(void *, u32,  u32)'
../src/It_is_gonna_work_this_time_I_swear.c: In function 'main':
../src/It_is_gonna_work_this_time_I_swear.c:202:5: warning: variable 'write' set but not used [-Wunused-but-set-variable]
'Finished building: ../src/It_is_gonna_work_this_time_I_swear.c'
' '
'Building target: TrackingWithSPI.elf'
'Invoking: ARM gcc linker'
arm-xilinx-eabi-gcc -Wl,-T -Wl,../src/lscript.ld -L../../system_bsp_spi/ps7_cortexa9_0/lib -o "TrackingWithSPI.elf"  ./src/It_is_gonna_work_this_time_I_swear.o ./src/platform.o   -Wl,--start-group,-lxil,-lgcc,-lc,--end-group
'Finished building target: TrackingWithSPI.elf'
' '
'Invoking: ARM Print Size'
arm-xilinx-eabi-size TrackingWithSPI.elf  |tee "TrackingWithSPI.elf.size"
   text	   data	    bss	    dec	    hex	filename
  76476	   2400	 398780	 477656	  749d8	TrackingWithSPI.elf
'Finished building: TrackingWithSPI.elf.size'
' '
16:21:19 **** Incremental Build of configuration Debug for project TrackingWithSPI ****
make all 
make: Nothing to be done for `all'.
16:21:19 **** Incremental Build of configuration Debug for project TrackingWithSPI ****
make all 
make: Nothing to be done for `all'.
16:21:39 **** Incremental Build of configuration Debug for project TrackingWithSPI ****
make all 
make: Nothing to be done for `all'.
16:23:28 **** Incremental Build of configuration Debug for project TrackingWithSPI ****
make all 
make: Nothing to be done for `all'.
16:26:02 **** Auto Build of configuration Debug for project TrackingWithSPI ****
make all 
'Building file: ../src/It_is_gonna_work_this_time_I_swear.c'
'Invoking: ARM gcc compiler'
arm-xilinx-eabi-gcc -Wall -O0 -g3 -c -fmessage-length=0 -I../../system_bsp_spi/ps7_cortexa9_0/include -MMD -MP -MF"src/It_is_gonna_work_this_time_I_swear.d" -MT"src/It_is_gonna_work_this_time_I_swear.d" -o "src/It_is_gonna_work_this_time_I_swear.o" "../src/It_is_gonna_work_this_time_I_swear.c"
../src/It_is_gonna_work_this_time_I_swear.c: In function 'print_spi_debug':
../src/It_is_gonna_work_this_time_I_swear.c:61:2: warning: format '%x' expects argument of type 'unsigned int', but argument 2 has type 'u32' [-Wformat]
../src/It_is_gonna_work_this_time_I_swear.c:61:2: warning: format '%x' expects argument of type 'unsigned int', but argument 2 has type 'u32' [-Wformat]
../src/It_is_gonna_work_this_time_I_swear.c:72:2: warning: format '%d' expects argument of type 'int', but argument 2 has type 'u8 *' [-Wformat]
../src/It_is_gonna_work_this_time_I_swear.c:72:2: warning: format '%d' expects argument of type 'int', but argument 2 has type 'u8 *' [-Wformat]
../src/It_is_gonna_work_this_time_I_swear.c:73:2: warning: format '%d' expects argument of type 'int', but argument 2 has type 'u8 *' [-Wformat]
../src/It_is_gonna_work_this_time_I_swear.c:73:2: warning: format '%d' expects argument of type 'int', but argument 2 has type 'u8 *' [-Wformat]
../src/It_is_gonna_work_this_time_I_swear.c: In function 'print_gpio_debug':
../src/It_is_gonna_work_this_time_I_swear.c:82:2: warning: format '%x' expects argument of type 'unsigned int', but argument 2 has type 'u32 *' [-Wformat]
../src/It_is_gonna_work_this_time_I_swear.c:82:2: warning: format '%x' expects argument of type 'unsigned int', but argument 2 has type 'u32 *' [-Wformat]
../src/It_is_gonna_work_this_time_I_swear.c:83:2: warning: format '%x' expects argument of type 'unsigned int', but argument 2 has type 'u32 *' [-Wformat]
../src/It_is_gonna_work_this_time_I_swear.c:83:2: warning: format '%x' expects argument of type 'unsigned int', but argument 2 has type 'u32 *' [-Wformat]
../src/It_is_gonna_work_this_time_I_swear.c:84:2: warning: format '%x' expects argument of type 'unsigned int', but argument 2 has type 'int *' [-Wformat]
../src/It_is_gonna_work_this_time_I_swear.c:84:2: warning: format '%x' expects argument of type 'unsigned int', but argument 2 has type 'int *' [-Wformat]
../src/It_is_gonna_work_this_time_I_swear.c:85:2: warning: format '%x' expects argument of type 'unsigned int', but argument 2 has type 'int *' [-Wformat]
../src/It_is_gonna_work_this_time_I_swear.c:85:2: warning: format '%x' expects argument of type 'unsigned int', but argument 2 has type 'int *' [-Wformat]
../src/It_is_gonna_work_this_time_I_swear.c: In function 'spi_intr_init':
../src/It_is_gonna_work_this_time_I_swear.c:143:2: warning: passing argument 3 of 'XSpi_SetStatusHandler' from incompatible pointer type [enabled by default]
In file included from ../src/It_is_gonna_work_this_time_I_swear.c:37:0:
../../system_bsp_spi/ps7_cortexa9_0/include/xspi.h:815:6: note: expected 'XSpi_StatusHandler' but argument is of type 'void (*)(void *, u32,  u32)'
../src/It_is_gonna_work_this_time_I_swear.c: In function 'main':
../src/It_is_gonna_work_this_time_I_swear.c:227:6: warning: format '%d' expects argument of type 'int', but argument 3 has type 'int *' [-Wformat]
../src/It_is_gonna_work_this_time_I_swear.c:227:6: warning: format '%d' expects argument of type 'int', but argument 3 has type 'int *' [-Wformat]
../src/It_is_gonna_work_this_time_I_swear.c:202:5: warning: variable 'write' set but not used [-Wunused-but-set-variable]
'Finished building: ../src/It_is_gonna_work_this_time_I_swear.c'
' '
'Building target: TrackingWithSPI.elf'
'Invoking: ARM gcc linker'
arm-xilinx-eabi-gcc -Wl,-T -Wl,../src/lscript.ld -L../../system_bsp_spi/ps7_cortexa9_0/lib -o "TrackingWithSPI.elf"  ./src/It_is_gonna_work_this_time_I_swear.o ./src/platform.o   -Wl,--start-group,-lxil,-lgcc,-lc,--end-group
'Finished building target: TrackingWithSPI.elf'
' '
'Invoking: ARM Print Size'
arm-xilinx-eabi-size TrackingWithSPI.elf  |tee "TrackingWithSPI.elf.size"
   text	   data	    bss	    dec	    hex	filename
  76484	   2400	 398780	 477664	  749e0	TrackingWithSPI.elf
'Finished building: TrackingWithSPI.elf.size'
' '
16:26:06 **** Incremental Build of configuration Debug for project TrackingWithSPI ****
make all 
make: Nothing to be done for `all'.
16:27:55 **** Auto Build of configuration Debug for project TrackingWithSPI ****
make all 
'Building file: ../src/It_is_gonna_work_this_time_I_swear.c'
'Invoking: ARM gcc compiler'
arm-xilinx-eabi-gcc -Wall -O0 -g3 -c -fmessage-length=0 -I../../system_bsp_spi/ps7_cortexa9_0/include -MMD -MP -MF"src/It_is_gonna_work_this_time_I_swear.d" -MT"src/It_is_gonna_work_this_time_I_swear.d" -o "src/It_is_gonna_work_this_time_I_swear.o" "../src/It_is_gonna_work_this_time_I_swear.c"
../src/It_is_gonna_work_this_time_I_swear.c: In function 'print_spi_debug':
../src/It_is_gonna_work_this_time_I_swear.c:61:2: warning: format '%x' expects argument of type 'unsigned int', but argument 2 has type 'u32' [-Wformat]
../src/It_is_gonna_work_this_time_I_swear.c:61:2: warning: format '%x' expects argument of type 'unsigned int', but argument 2 has type 'u32' [-Wformat]
../src/It_is_gonna_work_this_time_I_swear.c:72:2: warning: format '%d' expects argument of type 'int', but argument 2 has type 'u8 *' [-Wformat]
../src/It_is_gonna_work_this_time_I_swear.c:72:2: warning: format '%d' expects argument of type 'int', but argument 2 has type 'u8 *' [-Wformat]
../src/It_is_gonna_work_this_time_I_swear.c:73:2: warning: format '%d' expects argument of type 'int', but argument 2 has type 'u8 *' [-Wformat]
../src/It_is_gonna_work_this_time_I_swear.c:73:2: warning: format '%d' expects argument of type 'int', but argument 2 has type 'u8 *' [-Wformat]
../src/It_is_gonna_work_this_time_I_swear.c: In function 'print_gpio_debug':
../src/It_is_gonna_work_this_time_I_swear.c:82:2: warning: format '%x' expects argument of type 'unsigned int', but argument 2 has type 'u32 *' [-Wformat]
../src/It_is_gonna_work_this_time_I_swear.c:82:2: warning: format '%x' expects argument of type 'unsigned int', but argument 2 has type 'u32 *' [-Wformat]
../src/It_is_gonna_work_this_time_I_swear.c:83:2: warning: format '%x' expects argument of type 'unsigned int', but argument 2 has type 'u32 *' [-Wformat]
../src/It_is_gonna_work_this_time_I_swear.c:83:2: warning: format '%x' expects argument of type 'unsigned int', but argument 2 has type 'u32 *' [-Wformat]
../src/It_is_gonna_work_this_time_I_swear.c:84:2: warning: format '%x' expects argument of type 'unsigned int', but argument 2 has type 'int *' [-Wformat]
../src/It_is_gonna_work_this_time_I_swear.c:84:2: warning: format '%x' expects argument of type 'unsigned int', but argument 2 has type 'int *' [-Wformat]
../src/It_is_gonna_work_this_time_I_swear.c:85:2: warning: format '%x' expects argument of type 'unsigned int', but argument 2 has type 'int *' [-Wformat]
../src/It_is_gonna_work_this_time_I_swear.c:85:2: warning: format '%x' expects argument of type 'unsigned int', but argument 2 has type 'int *' [-Wformat]
../src/It_is_gonna_work_this_time_I_swear.c: In function 'spi_intr_init':
../src/It_is_gonna_work_this_time_I_swear.c:143:2: warning: passing argument 3 of 'XSpi_SetStatusHandler' from incompatible pointer type [enabled by default]
In file included from ../src/It_is_gonna_work_this_time_I_swear.c:37:0:
../../system_bsp_spi/ps7_cortexa9_0/include/xspi.h:815:6: note: expected 'XSpi_StatusHandler' but argument is of type 'void (*)(void *, u32,  u32)'
../src/It_is_gonna_work_this_time_I_swear.c: In function 'main':
../src/It_is_gonna_work_this_time_I_swear.c:215:26: error: 'GpioPtr' undeclared (first use in this function)
../src/It_is_gonna_work_this_time_I_swear.c:215:26: note: each undeclared identifier is reported only once for each function it appears in
../src/It_is_gonna_work_this_time_I_swear.c:228:6: warning: format '%d' expects argument of type 'int', but argument 3 has type 'int *' [-Wformat]
../src/It_is_gonna_work_this_time_I_swear.c:228:6: warning: format '%d' expects argument of type 'int', but argument 3 has type 'int *' [-Wformat]
../src/It_is_gonna_work_this_time_I_swear.c:202:5: warning: variable 'write' set but not used [-Wunused-but-set-variable]
make: *** [src/It_is_gonna_work_this_time_I_swear.o] Error 1
16:28:06 **** Auto Build of configuration Debug for project TrackingWithSPI ****
make all 
'Building file: ../src/It_is_gonna_work_this_time_I_swear.c'
'Invoking: ARM gcc compiler'
arm-xilinx-eabi-gcc -Wall -O0 -g3 -c -fmessage-length=0 -I../../system_bsp_spi/ps7_cortexa9_0/include -MMD -MP -MF"src/It_is_gonna_work_this_time_I_swear.d" -MT"src/It_is_gonna_work_this_time_I_swear.d" -o "src/It_is_gonna_work_this_time_I_swear.o" "../src/It_is_gonna_work_this_time_I_swear.c"
../src/It_is_gonna_work_this_time_I_swear.c: In function 'print_spi_debug':
../src/It_is_gonna_work_this_time_I_swear.c:61:2: warning: format '%x' expects argument of type 'unsigned int', but argument 2 has type 'u32' [-Wformat]
../src/It_is_gonna_work_this_time_I_swear.c:61:2: warning: format '%x' expects argument of type 'unsigned int', but argument 2 has type 'u32' [-Wformat]
../src/It_is_gonna_work_this_time_I_swear.c:72:2: warning: format '%d' expects argument of type 'int', but argument 2 has type 'u8 *' [-Wformat]
../src/It_is_gonna_work_this_time_I_swear.c:72:2: warning: format '%d' expects argument of type 'int', but argument 2 has type 'u8 *' [-Wformat]
../src/It_is_gonna_work_this_time_I_swear.c:73:2: warning: format '%d' expects argument of type 'int', but argument 2 has type 'u8 *' [-Wformat]
../src/It_is_gonna_work_this_time_I_swear.c:73:2: warning: format '%d' expects argument of type 'int', but argument 2 has type 'u8 *' [-Wformat]
../src/It_is_gonna_work_this_time_I_swear.c: In function 'print_gpio_debug':
../src/It_is_gonna_work_this_time_I_swear.c:82:2: warning: format '%x' expects argument of type 'unsigned int', but argument 2 has type 'u32 *' [-Wformat]
../src/It_is_gonna_work_this_time_I_swear.c:82:2: warning: format '%x' expects argument of type 'unsigned int', but argument 2 has type 'u32 *' [-Wformat]
../src/It_is_gonna_work_this_time_I_swear.c:83:2: warning: format '%x' expects argument of type 'unsigned int', but argument 2 has type 'u32 *' [-Wformat]
../src/It_is_gonna_work_this_time_I_swear.c:83:2: warning: format '%x' expects argument of type 'unsigned int', but argument 2 has type 'u32 *' [-Wformat]
../src/It_is_gonna_work_this_time_I_swear.c:84:2: warning: format '%x' expects argument of type 'unsigned int', but argument 2 has type 'int *' [-Wformat]
../src/It_is_gonna_work_this_time_I_swear.c:84:2: warning: format '%x' expects argument of type 'unsigned int', but argument 2 has type 'int *' [-Wformat]
../src/It_is_gonna_work_this_time_I_swear.c:85:2: warning: format '%x' expects argument of type 'unsigned int', but argument 2 has type 'int *' [-Wformat]
../src/It_is_gonna_work_this_time_I_swear.c:85:2: warning: format '%x' expects argument of type 'unsigned int', but argument 2 has type 'int *' [-Wformat]
../src/It_is_gonna_work_this_time_I_swear.c: In function 'spi_intr_init':
../src/It_is_gonna_work_this_time_I_swear.c:143:2: warning: passing argument 3 of 'XSpi_SetStatusHandler' from incompatible pointer type [enabled by default]
In file included from ../src/It_is_gonna_work_this_time_I_swear.c:37:0:
../../system_bsp_spi/ps7_cortexa9_0/include/xspi.h:815:6: note: expected 'XSpi_StatusHandler' but argument is of type 'void (*)(void *, u32,  u32)'
../src/It_is_gonna_work_this_time_I_swear.c: In function 'main':
../src/It_is_gonna_work_this_time_I_swear.c:228:6: warning: format '%d' expects argument of type 'int', but argument 3 has type 'int *' [-Wformat]
../src/It_is_gonna_work_this_time_I_swear.c:228:6: warning: format '%d' expects argument of type 'int', but argument 3 has type 'int *' [-Wformat]
../src/It_is_gonna_work_this_time_I_swear.c:202:5: warning: variable 'write' set but not used [-Wunused-but-set-variable]
'Finished building: ../src/It_is_gonna_work_this_time_I_swear.c'
' '
'Building target: TrackingWithSPI.elf'
'Invoking: ARM gcc linker'
arm-xilinx-eabi-gcc -Wl,-T -Wl,../src/lscript.ld -L../../system_bsp_spi/ps7_cortexa9_0/lib -o "TrackingWithSPI.elf"  ./src/It_is_gonna_work_this_time_I_swear.o ./src/platform.o   -Wl,--start-group,-lxil,-lgcc,-lc,--end-group
'Finished building target: TrackingWithSPI.elf'
' '
'Invoking: ARM Print Size'
arm-xilinx-eabi-size TrackingWithSPI.elf  |tee "TrackingWithSPI.elf.size"
   text	   data	    bss	    dec	    hex	filename
  76500	   2400	 398780	 477680	  749f0	TrackingWithSPI.elf
'Finished building: TrackingWithSPI.elf.size'
' '
16:28:09 **** Incremental Build of configuration Debug for project TrackingWithSPI ****
make all 
make: Nothing to be done for `all'.
